Component: ARM Compiler 5.06 update 6 (build 750) Tool: armlink [4d35ed]

==============================================================================

Section Cross References

    startup_stm32f103xb.o(RESET) refers to startup_stm32f103xb.o(STACK) for __initial_sp
    startup_stm32f103xb.o(RESET) refers to startup_stm32f103xb.o(.text) for Reset_Handler
    startup_stm32f103xb.o(RESET) refers to stm32f1xx_it.o(i.NMI_Handler) for NMI_Handler
    startup_stm32f103xb.o(RESET) refers to stm32f1xx_it.o(i.HardFault_Handler) for HardFault_Handler
    startup_stm32f103xb.o(RESET) refers to stm32f1xx_it.o(i.MemManage_Handler) for MemManage_Handler
    startup_stm32f103xb.o(RESET) refers to stm32f1xx_it.o(i.BusFault_Handler) for BusFault_Handler
    startup_stm32f103xb.o(RESET) refers to stm32f1xx_it.o(i.UsageFault_Handler) for UsageFault_Handler
    startup_stm32f103xb.o(RESET) refers to stm32f1xx_it.o(i.SVC_Handler) for SVC_Handler
    startup_stm32f103xb.o(RESET) refers to stm32f1xx_it.o(i.DebugMon_Handler) for DebugMon_Handler
    startup_stm32f103xb.o(RESET) refers to stm32f1xx_it.o(i.PendSV_Handler) for PendSV_Handler
    startup_stm32f103xb.o(RESET) refers to stm32f1xx_it.o(i.SysTick_Handler) for SysTick_Handler
    startup_stm32f103xb.o(RESET) refers to stm32f1xx_it.o(i.RTC_IRQHandler) for RTC_IRQHandler
    startup_stm32f103xb.o(RESET) refers to stm32f1xx_it.o(i.TIM4_IRQHandler) for TIM4_IRQHandler
    startup_stm32f103xb.o(.text) refers to system_stm32f1xx.o(i.SystemInit) for SystemInit
    startup_stm32f103xb.o(.text) refers to entry.o(.ARM.Collect$$$$00000000) for __main
    stm32f1xx_hal_adc.o(i.ADC_ConversionStop_Disable) refers to stm32f1xx_hal.o(i.HAL_GetTick) for HAL_GetTick
    stm32f1xx_hal_adc.o(i.ADC_DMAConvCplt) refers to stm32f1xx_hal_adc.o(i.HAL_ADC_ConvCpltCallback) for HAL_ADC_ConvCpltCallback
    stm32f1xx_hal_adc.o(i.ADC_DMAError) refers to stm32f1xx_hal_adc.o(i.HAL_ADC_ErrorCallback) for HAL_ADC_ErrorCallback
    stm32f1xx_hal_adc.o(i.ADC_DMAHalfConvCplt) refers to stm32f1xx_hal_adc.o(i.HAL_ADC_ConvHalfCpltCallback) for HAL_ADC_ConvHalfCpltCallback
    stm32f1xx_hal_adc.o(i.ADC_Enable) refers to stm32f1xx_hal.o(i.HAL_GetTick) for HAL_GetTick
    stm32f1xx_hal_adc.o(i.ADC_Enable) refers to system_stm32f1xx.o(.data) for SystemCoreClock
    stm32f1xx_hal_adc.o(i.HAL_ADC_ConfigChannel) refers to system_stm32f1xx.o(.data) for SystemCoreClock
    stm32f1xx_hal_adc.o(i.HAL_ADC_DeInit) refers to stm32f1xx_hal_adc.o(i.ADC_ConversionStop_Disable) for ADC_ConversionStop_Disable
    stm32f1xx_hal_adc.o(i.HAL_ADC_DeInit) refers to stm32f1xx_hal_msp.o(i.HAL_ADC_MspDeInit) for HAL_ADC_MspDeInit
    stm32f1xx_hal_adc.o(i.HAL_ADC_IRQHandler) refers to stm32f1xx_hal_adc.o(i.HAL_ADC_ConvCpltCallback) for HAL_ADC_ConvCpltCallback
    stm32f1xx_hal_adc.o(i.HAL_ADC_IRQHandler) refers to stm32f1xx_hal_adc_ex.o(i.HAL_ADCEx_InjectedConvCpltCallback) for HAL_ADCEx_InjectedConvCpltCallback
    stm32f1xx_hal_adc.o(i.HAL_ADC_IRQHandler) refers to stm32f1xx_hal_adc.o(i.HAL_ADC_LevelOutOfWindowCallback) for HAL_ADC_LevelOutOfWindowCallback
    stm32f1xx_hal_adc.o(i.HAL_ADC_Init) refers to stm32f1xx_hal_msp.o(i.HAL_ADC_MspInit) for HAL_ADC_MspInit
    stm32f1xx_hal_adc.o(i.HAL_ADC_Init) refers to stm32f1xx_hal_adc.o(i.ADC_ConversionStop_Disable) for ADC_ConversionStop_Disable
    stm32f1xx_hal_adc.o(i.HAL_ADC_PollForConversion) refers to stm32f1xx_hal.o(i.HAL_GetTick) for HAL_GetTick
    stm32f1xx_hal_adc.o(i.HAL_ADC_PollForConversion) refers to stm32f1xx_hal_rcc_ex.o(i.HAL_RCCEx_GetPeriphCLKFreq) for HAL_RCCEx_GetPeriphCLKFreq
    stm32f1xx_hal_adc.o(i.HAL_ADC_PollForConversion) refers to system_stm32f1xx.o(.data) for SystemCoreClock
    stm32f1xx_hal_adc.o(i.HAL_ADC_PollForEvent) refers to stm32f1xx_hal.o(i.HAL_GetTick) for HAL_GetTick
    stm32f1xx_hal_adc.o(i.HAL_ADC_Start) refers to stm32f1xx_hal_adc.o(i.ADC_Enable) for ADC_Enable
    stm32f1xx_hal_adc.o(i.HAL_ADC_Start_DMA) refers to stm32f1xx_hal_adc.o(i.ADC_Enable) for ADC_Enable
    stm32f1xx_hal_adc.o(i.HAL_ADC_Start_DMA) refers to stm32f1xx_hal_dma.o(i.HAL_DMA_Start_IT) for HAL_DMA_Start_IT
    stm32f1xx_hal_adc.o(i.HAL_ADC_Start_DMA) refers to stm32f1xx_hal_adc.o(i.ADC_DMAConvCplt) for ADC_DMAConvCplt
    stm32f1xx_hal_adc.o(i.HAL_ADC_Start_DMA) refers to stm32f1xx_hal_adc.o(i.ADC_DMAHalfConvCplt) for ADC_DMAHalfConvCplt
    stm32f1xx_hal_adc.o(i.HAL_ADC_Start_DMA) refers to stm32f1xx_hal_adc.o(i.ADC_DMAError) for ADC_DMAError
    stm32f1xx_hal_adc.o(i.HAL_ADC_Start_IT) refers to stm32f1xx_hal_adc.o(i.ADC_Enable) for ADC_Enable
    stm32f1xx_hal_adc.o(i.HAL_ADC_Stop) refers to stm32f1xx_hal_adc.o(i.ADC_ConversionStop_Disable) for ADC_ConversionStop_Disable
    stm32f1xx_hal_adc.o(i.HAL_ADC_Stop_DMA) refers to stm32f1xx_hal_adc.o(i.ADC_ConversionStop_Disable) for ADC_ConversionStop_Disable
    stm32f1xx_hal_adc.o(i.HAL_ADC_Stop_DMA) refers to stm32f1xx_hal_dma.o(i.HAL_DMA_Abort) for HAL_DMA_Abort
[...]
    Removing stm32f1xx_hal_tim.o(i.HAL_TIM_OnePulse_DeInit), (76 bytes).
    Removing stm32f1xx_hal_tim.o(i.HAL_TIM_OnePulse_GetState), (6 bytes).
    Removing stm32f1xx_hal_tim.o(i.HAL_TIM_OnePulse_Init), (86 bytes).
    Removing stm32f1xx_hal_tim.o(i.HAL_TIM_OnePulse_MspDeInit), (2 bytes).
    Removing stm32f1xx_hal_tim.o(i.HAL_TIM_OnePulse_MspInit), (2 bytes).
    Removing stm32f1xx_hal_tim.o(i.HAL_TIM_OnePulse_Start), (104 bytes).
    Removing stm32f1xx_hal_tim.o(i.HAL_TIM_OnePulse_Start_IT), (124 bytes).
    Removing stm32f1xx_hal_tim.o(i.HAL_TIM_OnePulse_Stop), (100 bytes).
    Removing stm32f1xx_hal_tim.o(i.HAL_TIM_OnePulse_Stop_IT), (120 bytes).
    Removing stm32f1xx_hal_tim.o(i.HAL_TIM_PWM_ConfigChannel), (198 bytes).
    Removing stm32f1xx_hal_tim.o(i.HAL_TIM_PWM_DeInit), (92 bytes).
    Removing stm32f1xx_hal_tim.o(i.HAL_TIM_PWM_GetState), (6 bytes).
    Removing stm32f1xx_hal_tim.o(i.HAL_TIM_PWM_Init), (90 bytes).
    Removing stm32f1xx_hal_tim.o(i.HAL_TIM_PWM_MspDeInit), (2 bytes).
    Removing stm32f1xx_hal_tim.o(i.HAL_TIM_PWM_MspInit), (2 bytes).
    Removing stm32f1xx_hal_tim.o(i.HAL_TIM_PWM_PulseFinishedHalfCpltCallback), (2 bytes).
    Removing stm32f1xx_hal_tim.o(i.HAL_TIM_PWM_Start), (156 bytes).
    Removing stm32f1xx_hal_tim.o(i.HAL_TIM_PWM_Start_DMA), (388 bytes).
    Removing stm32f1xx_hal_tim.o(i.HAL_TIM_PWM_Start_IT), (196 bytes).
    Removing stm32f1xx_hal_tim.o(i.HAL_TIM_PWM_Stop), (112 bytes).
    Removing stm32f1xx_hal_tim.o(i.HAL_TIM_PWM_Stop_DMA), (184 bytes).
    Removing stm32f1xx_hal_tim.o(i.HAL_TIM_PWM_Stop_IT), (164 bytes).
    Removing stm32f1xx_hal_tim.o(i.HAL_TIM_PeriodElapsedCallback), (2 bytes).
    Removing stm32f1xx_hal_tim.o(i.HAL_TIM_PeriodElapsedHalfCpltCallback), (2 bytes).
    Removing stm32f1xx_hal_tim.o(i.HAL_TIM_ReadCapturedValue), (42 bytes).
    Removing stm32f1xx_hal_tim.o(i.HAL_TIM_SlaveConfigSynchro), (86 bytes).
    Removing stm32f1xx_hal_tim.o(i.HAL_TIM_SlaveConfigSynchro_IT), (86 bytes).
    Removing stm32f1xx_hal_tim.o(i.HAL_TIM_TriggerHalfCpltCallback), (2 bytes).
    Removing stm32f1xx_hal_tim.o(i.TIM_CCxChannelCmd), (26 bytes).
    Removing stm32f1xx_hal_tim.o(i.TIM_DMACaptureCplt), (110 bytes).
    Removing stm32f1xx_hal_tim.o(i.TIM_DMACaptureHalfCplt), (56 bytes).
    Removing stm32f1xx_hal_tim.o(i.TIM_DMADelayPulseCplt), (94 bytes).
    Removing stm32f1xx_hal_tim.o(i.TIM_DMADelayPulseHalfCplt), (56 bytes).
    Removing stm32f1xx_hal_tim.o(i.TIM_DMAError), (84 bytes).
    Removing stm32f1xx_hal_tim.o(i.TIM_DMAPeriodElapsedCplt), (22 bytes).
    Removing stm32f1xx_hal_tim.o(i.TIM_DMAPeriodElapsedHalfCplt), (10 bytes).
    Removing stm32f1xx_hal_tim.o(i.TIM_DMATriggerCplt), (22 bytes).
    Removing stm32f1xx_hal_tim.o(i.TIM_DMATriggerHalfCplt), (10 bytes).
    Removing stm32f1xx_hal_tim.o(i.TIM_ETR_SetConfig), (20 bytes).
    Removing stm32f1xx_hal_tim.o(i.TIM_ITRx_SetConfig), (16 bytes).
    Removing stm32f1xx_hal_tim.o(i.TIM_OC1_SetConfig), (80 bytes).
    Removing stm32f1xx_hal_tim.o(i.TIM_OC2_SetConfig), (88 bytes).
    Removing stm32f1xx_hal_tim.o(i.TIM_OC3_SetConfig), (88 bytes).
    Removing stm32f1xx_hal_tim.o(i.TIM_OC4_SetConfig), (68 bytes).
    Removing stm32f1xx_hal_tim.o(i.TIM_SlaveTimer_SetConfig), (134 bytes).
    Removing stm32f1xx_hal_tim.o(i.TIM_TI1_ConfigInputStage), (34 bytes).
    Removing stm32f1xx_hal_tim.o(i.TIM_TI1_SetConfig), (88 bytes).
    Removing stm32f1xx_hal_tim.o(i.TIM_TI2_ConfigInputStage), (36 bytes).
    Removing stm32f1xx_hal_tim.o(i.TIM_TI2_SetConfig), (54 bytes).
    Removing stm32f1xx_hal_tim_ex.o(.rev16_text), (4 bytes).
    Removing stm32f1xx_hal_tim_ex.o(.revsh_text), (4 bytes).
    Removing stm32f1xx_hal_tim_ex.o(.rrx_text), (6 bytes).
    Removing stm32f1xx_hal_tim_ex.o(i.HAL_TIMEx_CommutHalfCpltCallback), (2 bytes).
    Removing stm32f1xx_hal_tim_ex.o(i.HAL_TIMEx_ConfigBreakDeadTime), (84 bytes).
    Removing stm32f1xx_hal_tim_ex.o(i.HAL_TIMEx_ConfigCommutEvent), (112 bytes).
    Removing stm32f1xx_hal_tim_ex.o(i.HAL_TIMEx_ConfigCommutEvent_DMA), (144 bytes).
    Removing stm32f1xx_hal_tim_ex.o(i.HAL_TIMEx_ConfigCommutEvent_IT), (112 bytes).
    Removing stm32f1xx_hal_tim_ex.o(i.HAL_TIMEx_GetChannelNState), (34 bytes).
    Removing stm32f1xx_hal_tim_ex.o(i.HAL_TIMEx_HallSensor_DeInit), (76 bytes).
    Removing stm32f1xx_hal_tim_ex.o(i.HAL_TIMEx_HallSensor_GetState), (6 bytes).
    Removing stm32f1xx_hal_tim_ex.o(i.HAL_TIMEx_HallSensor_Init), (208 bytes).
    Removing stm32f1xx_hal_tim_ex.o(i.HAL_TIMEx_HallSensor_MspDeInit), (2 bytes).
    Removing stm32f1xx_hal_tim_ex.o(i.HAL_TIMEx_HallSensor_MspInit), (2 bytes).
    Removing stm32f1xx_hal_tim_ex.o(i.HAL_TIMEx_HallSensor_Start), (128 bytes).
    Removing stm32f1xx_hal_tim_ex.o(i.HAL_TIMEx_HallSensor_Start_DMA), (184 bytes).
    Removing stm32f1xx_hal_tim_ex.o(i.HAL_TIMEx_HallSensor_Start_IT), (140 bytes).
    Removing stm32f1xx_hal_tim_ex.o(i.HAL_TIMEx_HallSensor_Stop), (58 bytes).
    Removing stm32f1xx_hal_tim_ex.o(i.HAL_TIMEx_HallSensor_Stop_DMA), (70 bytes).
    Removing stm32f1xx_hal_tim_ex.o(i.HAL_TIMEx_HallSensor_Stop_IT), (68 bytes).
    Removing stm32f1xx_hal_tim_ex.o(i.HAL_TIMEx_MasterConfigSynchronization), (104 bytes).
    Removing stm32f1xx_hal_tim_ex.o(i.HAL_TIMEx_OCN_Start), (152 bytes).
    Removing stm32f1xx_hal_tim_ex.o(i.HAL_TIMEx_OCN_Start_DMA), (336 bytes).
    Removing stm32f1xx_hal_tim_ex.o(i.HAL_TIMEx_OCN_Start_IT), (188 bytes).
    Removing stm32f1xx_hal_tim_ex.o(i.HAL_TIMEx_OCN_Stop), (104 bytes).
    Removing stm32f1xx_hal_tim_ex.o(i.HAL_TIMEx_OCN_Stop_DMA), (158 bytes).
    Removing stm32f1xx_hal_tim_ex.o(i.HAL_TIMEx_OCN_Stop_IT), (160 bytes).
    Removing stm32f1xx_hal_tim_ex.o(i.HAL_TIMEx_OnePulseN_Start), (100 bytes).
    Removing stm32f1xx_hal_tim_ex.o(i.HAL_TIMEx_OnePulseN_Start_IT), (120 bytes).
    Removing stm32f1xx_hal_tim_ex.o(i.HAL_TIMEx_OnePulseN_Stop), (98 bytes).
    Removing stm32f1xx_hal_tim_ex.o(i.HAL_TIMEx_OnePulseN_Stop_IT), (120 bytes).
    Removing stm32f1xx_hal_tim_ex.o(i.HAL_TIMEx_PWMN_Start), (152 bytes).
    Removing stm32f1xx_hal_tim_ex.o(i.HAL_TIMEx_PWMN_Start_DMA), (336 bytes).
    Removing stm32f1xx_hal_tim_ex.o(i.HAL_TIMEx_PWMN_Start_IT), (188 bytes).
    Removing stm32f1xx_hal_tim_ex.o(i.HAL_TIMEx_PWMN_Stop), (104 bytes).
    Removing stm32f1xx_hal_tim_ex.o(i.HAL_TIMEx_PWMN_Stop_DMA), (158 bytes).
    Removing stm32f1xx_hal_tim_ex.o(i.HAL_TIMEx_PWMN_Stop_IT), (160 bytes).
    Removing stm32f1xx_hal_tim_ex.o(i.HAL_TIMEx_RemapConfig), (4 bytes).
    Removing stm32f1xx_hal_tim_ex.o(i.TIMEx_DMACommutationCplt), (16 bytes).
    Removing stm32f1xx_hal_tim_ex.o(i.TIMEx_DMACommutationHalfCplt), (16 bytes).
    Removing stm32f1xx_hal_tim_ex.o(i.TIM_CCxNChannelCmd), (26 bytes).
    Removing stm32f1xx_hal_tim_ex.o(i.TIM_DMADelayPulseNCplt), (94 bytes).
    Removing stm32f1xx_hal_tim_ex.o(i.TIM_DMAErrorCCxN), (62 bytes).
    Removing system_stm32f1xx.o(.rev16_text), (4 bytes).
    Removing system_stm32f1xx.o(.revsh_text), (4 bytes).
    Removing system_stm32f1xx.o(.rrx_text), (6 bytes).
    Removing system_stm32f1xx.o(i.SystemCoreClockUpdate), (104 bytes).
    Removing main.o(.rev16_text), (4 bytes).
    Removing main.o(.revsh_text), (4 bytes).
    Removing main.o(.rrx_text), (6 bytes).
    Removing main.o(i.Error_Handler), (4 bytes).
    Removing stm32f1xx_it.o(.rev16_text), (4 bytes).
    Removing stm32f1xx_it.o(.revsh_text), (4 bytes).
    Removing stm32f1xx_it.o(.rrx_text), (6 bytes).
    Removing stm32f1xx_hal_msp.o(.rev16_text), (4 bytes).
    Removing stm32f1xx_hal_msp.o(.revsh_text), (4 bytes).
    Removing stm32f1xx_hal_msp.o(.rrx_text), (6 bytes).
    Removing stm32f1xx_hal_msp.o(i.HAL_ADC_MspDeInit), (40 bytes).
    Removing stm32f1xx_hal_msp.o(i.HAL_RTC_MspDeInit), (32 bytes).
    Removing stm32f1xx_hal_timebase_tim.o(.rev16_text), (4 bytes).
    Removing stm32f1xx_hal_timebase_tim.o(.revsh_text), (4 bytes).
    Removing stm32f1xx_hal_timebase_tim.o(.rrx_text), (6 bytes).
    Removing stm32f1xx_hal_timebase_tim.o(i.HAL_ResumeTick), (20 bytes).
    Removing stm32f1xx_hal_timebase_tim.o(i.HAL_SuspendTick), (20 bytes).
    Removing key.o(.rev16_text), (4 bytes).
    Removing key.o(.revsh_text), (4 bytes).
    Removing key.o(.rrx_text), (6 bytes).
    Removing oled.o(.rev16_text), (4 bytes).
    Removing oled.o(.revsh_text), (4 bytes).
    Removing oled.o(.rrx_text), (6 bytes).
    Removing oled.o(i.oled_draw_point), (28 bytes).
    Removing oled.o(i.oled_fill), (40 bytes).
    Removing display.o(.rev16_text), (4 bytes).
    Removing display.o(.revsh_text), (4 bytes).
    Removing display.o(.rrx_text), (6 bytes).
    Removing display.o(i.draw_clock_pin), (116 bytes).
    Removing draw.o(.rev16_text), (4 bytes).
    Removing draw.o(.revsh_text), (4 bytes).
    Removing draw.o(.rrx_text), (6 bytes).
    Removing draw.o(i.draw_rect), (58 bytes).
    Removing bms.o(.rev16_text), (4 bytes).
    Removing bms.o(.revsh_text), (4 bytes).
    Removing bms.o(.rrx_text), (6 bytes).
    Removing clock.o(.rev16_text), (4 bytes).
    Removing clock.o(.revsh_text), (4 bytes).
    Removing clock.o(.rrx_text), (6 bytes).

414 unused section(s) (total 27506 bytes) removed from the image.

==============================================================================

Image Symbol Table

    Local Symbols

    Symbol Name                              Value     Ov Type        Size  Object(Section)

    ../Core/Src/main.c                       0x00000000   Number         0  main.o ABSOLUTE
    ../Core/Src/stm32f1xx_hal_msp.c          0x00000000   Number         0  stm32f1xx_hal_msp.o ABSOLUTE
    ../Core/Src/stm32f1xx_hal_timebase_tim.c 0x00000000   Number         0  stm32f1xx_hal_timebase_tim.o ABSOLUTE
    ../Core/Src/stm32f1xx_it.c               0x00000000   Number         0  stm32f1xx_it.o ABSOLUTE
    ../Core/Src/system_stm32f1xx.c           0x00000000   Number         0  system_stm32f1xx.o ABSOLUTE
    ../Drivers/STM32F1xx_HAL_Driver/Src/stm32f1xx_hal.c 0x00000000   Number         0  stm32f1xx_hal.o ABSOLUTE
    ../Drivers/STM32F1xx_HAL_Driver/Src/stm32f1xx_hal_adc.c 0x00000000   Number         0  stm32f1xx_hal_adc.o ABSOLUTE
    ../Drivers/STM32F1xx_HAL_Driver/Src/stm32f1xx_hal_adc_ex.c 0x00000000   Number         0  stm32f1xx_hal_adc_ex.o ABSOLUTE
    ../Drivers/STM32F1xx_HAL_Driver/Src/stm32f1xx_hal_cortex.c 0x00000000   Number         0  stm32f1xx_hal_cortex.o ABSOLUTE
    ../Drivers/STM32F1xx_HAL_Driver/Src/stm32f1xx_hal_dma.c 0x00000000   Number         0  stm32f1xx_hal_dma.o ABSOLUTE
    ../Drivers/STM32F1xx_HAL_Driver/Src/stm32f1xx_hal_exti.c 0x00000000   Number         0  stm32f1xx_hal_exti.o ABSOLUTE
    ../Drivers/STM32F1xx_HAL_Driver/Src/stm32f1xx_hal_flash.c 0x00000000   Number         0  stm32f1xx_hal_flash.o ABSOLUTE
    ../Drivers/STM32F1xx_HAL_Driver/Src/stm32f1xx_hal_flash_ex.c 0x00000000   Number         0  stm32f1xx_hal_flash_ex.o ABSOLUTE
    ../Drivers/STM32F1xx_HAL_Driver/Src/stm32f1xx_hal_gpio.c 0x00000000   Number         0  stm32f1xx_hal_gpio.o ABSOLUTE
    ../Drivers/STM32F1xx_HAL_Driver/Src/stm32f1xx_hal_gpio_ex.c 0x00000000   Number         0  stm32f1xx_hal_gpio_ex.o ABSOLUTE
    ../Drivers/STM32F1xx_HAL_Driver/Src/stm32f1xx_hal_pwr.c 0x00000000   Number         0  stm32f1xx_hal_pwr.o ABSOLUTE
    ../Drivers/STM32F1xx_HAL_Driver/Src/stm32f1xx_hal_rcc.c 0x00000000   Number         0  stm32f1xx_hal_rcc.o ABSOLUTE
    ../Drivers/STM32F1xx_HAL_Driver/Src/stm32f1xx_hal_rcc_ex.c 0x00000000   Number         0  stm32f1xx_hal_rcc_ex.o ABSOLUTE
    ../Drivers/STM32F1xx_HAL_Driver/Src/stm32f1xx_hal_rtc.c 0x00000000   Number         0  stm32f1xx_hal_rtc.o ABSOLUTE
    ../Drivers/STM32F1xx_HAL_Driver/Src/stm32f1xx_hal_rtc_ex.c 0x00000000   Number         0  stm32f1xx_hal_rtc_ex.o ABSOLUTE
    ../Drivers/STM32F1xx_HAL_Driver/Src/stm32f1xx_hal_tim.c 0x00000000   Number         0  stm32f1xx_hal_tim.o ABSOLUTE
    ../Drivers/STM32F1xx_HAL_Driver/Src/stm32f1xx_hal_tim_ex.c 0x00000000   Number         0  stm32f1xx_hal_tim_ex.o ABSOLUTE
    ../clib/microlib/errno.c                 0x00000000   Number         0  errno.o ABSOLUTE
    ../clib/microlib/init/entry.s            0x00000000   Number         0  entry9a.o ABSOLUTE
    ../clib/microlib/init/entry.s            0x00000000   Number         0  entry9b.o ABSOLUTE
    ../clib/microlib/init/entry.s            0x00000000   Number         0  entry7b.o ABSOLUTE
    ../clib/microlib/init/entry.s            0x00000000   Number         0  entry.o ABSOLUTE
    ../clib/microlib/init/entry.s            0x00000000   Number         0  entry8b.o ABSOLUTE
    ../clib/microlib/init/entry.s            0x00000000   Number         0  entry8a.o ABSOLUTE
    ../clib/microlib/init/entry.s            0x00000000   Number         0  entry2.o ABSOLUTE
    ../clib/microlib/init/entry.s            0x00000000   Number         0  entry11b.o ABSOLUTE
    ../clib/microlib/init/entry.s            0x00000000   Number         0  entry5.o ABSOLUTE
    ../clib/microlib/init/entry.s            0x00000000   Number         0  entry7a.o ABSOLUTE
    ../clib/microlib/init/entry.s            0x00000000   Number         0  entry11a.o ABSOLUTE
    ../clib/microlib/init/entry.s            0x00000000   Number         0  entry10b.o ABSOLUTE
    ../clib/microlib/init/entry.s            0x00000000   Number         0  entry10a.o ABSOLUTE
    ../clib/microlib/longlong.c              0x00000000   Number         0  llushr.o ABSOLUTE
    ../clib/microlib/string/memset.c         0x00000000   Number         0  memseta.o ABSOLUTE
    ../clib/microlib/stubs.s                 0x00000000   Number         0  iusefp.o ABSOLUTE
    ../fplib/microlib/fpadd.c                0x00000000   Number         0  fadd.o ABSOLUTE
    ../fplib/microlib/fpdiv.c                0x00000000   Number         0  fdiv.o ABSOLUTE
    ../fplib/microlib/fpepilogue.c           0x00000000   Number         0  fepilogue.o ABSOLUTE
    ../fplib/microlib/fpfix.c                0x00000000   Number         0  ffixi.o ABSOLUTE
    ../fplib/microlib/fpfix.c                0x00000000   Number         0  ffixui.o ABSOLUTE
    ../fplib/microlib/fpflt.c                0x00000000   Number         0  ffltui.o ABSOLUTE
    ../fplib/microlib/fpflt.c                0x00000000   Number         0  fflti.o ABSOLUTE
    ../fplib/microlib/fpmul.c                0x00000000   Number         0  fmul.o ABSOLUTE
    ../fplib/microlib/fprnd.c                0x00000000   Number         0  frnd.o ABSOLUTE
    ../fplib/microlib/fpscalb.c              0x00000000   Number         0  fscalb.o ABSOLUTE
    ../fplib/microlib/fpsqrt.c               0x00000000   Number         0  fsqrt.o ABSOLUTE
    ../mathlib/cosf.c                        0x00000000   Number         0  cosf_x.o ABSOLUTE
    ../mathlib/cosf.c                        0x00000000   Number         0  cosf.o ABSOLUTE
    ../mathlib/fpclassifyf.c                 0x00000000   Number         0  fpclassifyf.o ABSOLUTE
    ../mathlib/funder.c                      0x00000000   Number         0  funder.o ABSOLUTE
    ../mathlib/round.c                       0x00000000   Number         0  roundf.o ABSOLUTE
    ../mathlib/rredf.c                       0x00000000   Number         0  rredf.o ABSOLUTE
    ../mathlib/sinf.c                        0x00000000   Number         0  sinf_x.o ABSOLUTE
    ../mathlib/sinf.c                        0x00000000   Number         0  sinf.o ABSOLUTE
    ../mathlib/sqrtf.c                       0x00000000   Number         0  sqrtf_x.o ABSOLUTE
    ../mathlib/sqrtf.c                       0x00000000   Number         0  sqrtf.o ABSOLUTE
    ..\Core\Src\main.c                       0x00000000   Number         0  main.o ABSOLUTE
    ..\Core\Src\stm32f1xx_hal_msp.c          0x00000000   Number         0  stm32f1xx_hal_msp.o ABSOLUTE
    ..\Core\Src\stm32f1xx_hal_timebase_tim.c 0x00000000   Number         0  stm32f1xx_hal_timebase_tim.o ABSOLUTE
    ..\Core\Src\stm32f1xx_it.c               0x00000000   Number         0  stm32f1xx_it.o ABSOLUTE
    ..\Core\Src\system_stm32f1xx.c           0x00000000   Number         0  system_stm32f1xx.o ABSOLUTE
    ..\Drivers\STM32F1xx_HAL_Driver\Src\stm32f1xx_hal.c 0x00000000   Number         0  stm32f1xx_hal.o ABSOLUTE
    ..\Drivers\STM32F1xx_HAL_Driver\Src\stm32f1xx_hal_adc.c 0x00000000   Number         0  stm32f1xx_hal_adc.o ABSOLUTE
    ..\Drivers\STM32F1xx_HAL_Driver\Src\stm32f1xx_hal_adc_ex.c 0x00000000   Number         0  stm32f1xx_hal_adc_ex.o ABSOLUTE
    ..\Drivers\STM32F1xx_HAL_Driver\Src\stm32f1xx_hal_cortex.c 0x00000000   Number         0  stm32f1xx_hal_cortex.o ABSOLUTE
    ..\Drivers\STM32F1xx_HAL_Driver\Src\stm32f1xx_hal_dma.c 0x00000000   Number         0  stm32f1xx_hal_dma.o ABSOLUTE
    ..\Drivers\STM32F1xx_HAL_Driver\Src\stm32f1xx_hal_exti.c 0x00000000   Number         0  stm32f1xx_hal_exti.o ABSOLUTE
    ..\Drivers\STM32F1xx_HAL_Driver\Src\stm32f1xx_hal_flash.c 0x00000000   Number         0  stm32f1xx_hal_flash.o ABSOLUTE
    ..\Drivers\STM32F1xx_HAL_Driver\Src\stm32f1xx_hal_flash_ex.c 0x00000000   Number         0  stm32f1xx_hal_flash_ex.o ABSOLUTE
    ..\Drivers\STM32F1xx_HAL_Driver\Src\stm32f1xx_hal_gpio.c 0x00000000   Number         0  stm32f1xx_hal_gpio.o ABSOLUTE
    ..\Drivers\STM32F1xx_HAL_Driver\Src\stm32f1xx_hal_gpio_ex.c 0x00000000   Number         0  stm32f1xx_hal_gpio_ex.o ABSOLUTE
    ..\Drivers\STM32F1xx_HAL_Driver\Src\stm32f1xx_hal_pwr.c 0x00000000   Number         0  stm32f1xx_hal_pwr.o ABSOLUTE
    ..\Drivers\STM32F1xx_HAL_Driver\Src\stm32f1xx_hal_rcc.c 0x00000000   Number         0  stm32f1xx_hal_rcc.o ABSOLUTE
    ..\Drivers\STM32F1xx_HAL_Driver\Src\stm32f1xx_hal_rcc_ex.c 0x00000000   Number         0  stm32f1xx_hal_rcc_ex.o ABSOLUTE
    ..\Drivers\STM32F1xx_HAL_Driver\Src\stm32f1xx_hal_rtc.c 0x00000000   Number         0  stm32f1xx_hal_rtc.o ABSOLUTE
    ..\Drivers\STM32F1xx_HAL_Driver\Src\stm32f1xx_hal_rtc_ex.c 0x00000000   Number         0  stm32f1xx_hal_rtc_ex.o ABSOLUTE
    ..\Drivers\STM32F1xx_HAL_Driver\Src\stm32f1xx_hal_tim.c 0x00000000   Number         0  stm32f1xx_hal_tim.o ABSOLUTE
    ..\Drivers\STM32F1xx_HAL_Driver\Src\stm32f1xx_hal_tim_ex.c 0x00000000   Number         0  stm32f1xx_hal_tim_ex.o ABSOLUTE
    ..\HARDWARE\BMS\bms.c                    0x00000000   Number         0  bms.o ABSOLUTE
    ..\HARDWARE\CLOCK\clock.c                0x00000000   Number         0  clock.o ABSOLUTE
    ..\HARDWARE\DrawDisplay\display.c        0x00000000   Number         0  display.o ABSOLUTE
    ..\HARDWARE\DrawDisplay\draw.c           0x00000000   Number         0  draw.o ABSOLUTE
    ..\HARDWARE\FSM\fsm.c                    0x00000000   Number         0  fsm.o ABSOLUTE
    ..\HARDWARE\KEY\key.c                    0x00000000   Number         0  key.o ABSOLUTE
    ..\HARDWARE\OLED\oled.c                  0x00000000   Number         0  oled.o ABSOLUTE
    ..\\HARDWARE\\BMS\\bms.c                 0x00000000   Number         0  bms.o ABSOLUTE
    ..\\HARDWARE\\CLOCK\\clock.c             0x00000000   Number         0  clock.o ABSOLUTE
    ..\\HARDWARE\\DrawDisplay\\display.c     0x00000000   Number         0  display.o ABSOLUTE
    ..\\HARDWARE\\DrawDisplay\\draw.c        0x00000000   Number         0  draw.o ABSOLUTE
    ..\\HARDWARE\\KEY\\key.c                 0x00000000   Number         0  key.o ABSOLUTE
    ..\\HARDWARE\\OLED\\oled.c               0x00000000   Number         0  oled.o ABSOLUTE
    dc.s                                     0x00000000   Number         0  dc.o ABSOLUTE
    handlers.s                               0x00000000   Number         0  handlers.o ABSOLUTE
    init.s                                   0x00000000   Number         0  init.o ABSOLUTE
    startup_stm32f103xb.s                    0x00000000   Number         0  startup_stm32f103xb.o ABSOLUTE
    RESET                                    0x08000000   Section      236  startup_stm32f103xb.o(RESET)
    .ARM.Collect$$$$00000000                 0x080000ec   Section        0  entry.o(.ARM.Collect$$$$00000000)
    .ARM.Collect$$$$00000001                 0x080000ec   Section        4  entry2.o(.ARM.Collect$$$$00000001)
    .ARM.Collect$$$$00000004                 0x080000f0   Section        4  entry5.o(.ARM.Collect$$$$00000004)
    .ARM.Collect$$$$00000008                 0x080000f4   Section        0  entry7b.o(.ARM.Collect$$$$00000008)
    .ARM.Collect$$$$0000000A                 0x080000f4   Section        0  entry8b.o(.ARM.Collect$$$$0000000A)
    .ARM.Collect$$$$0000000B                 0x080000f4   Section        8  entry9a.o(.ARM.Collect$$$$0000000B)
    .ARM.Collect$$$$0000000D                 0x080000fc   Section        0  entry10a.o(.ARM.Collect$$$$0000000D)
    .ARM.Collect$$$$0000000F                 0x080000fc   Section        0  entry11a.o(.ARM.Collect$$$$0000000F)
    .ARM.Collect$$$$00002712                 0x080000fc   Section        4  entry2.o(.ARM.Collect$$$$00002712)
    __lit__00000000                          0x080000fc   Data           4  entry2.o(.ARM.Collect$$$$00002712)
    .text                                    0x08000100   Section       36  startup_stm32f103xb.o(.text)
    .text                                    0x08000124   Section        0  memseta.o(.text)
    .text                                    0x08000148   Section        0  fadd.o(.text)
    .text                                    0x080001f8   Section        0  fmul.o(.text)
    .text                                    0x0800025c   Section        0  fdiv.o(.text)
    .text                                    0x080002d8   Section        0  fscalb.o(.text)
    .text                                    0x080002f0   Section        0  fflti.o(.text)
    .text                                    0x08000302   Section        0  ffltui.o(.text)
    .text                                    0x0800030c   Section        0  ffixi.o(.text)
    .text                                    0x0800033e   Section        0  ffixui.o(.text)
    .text                                    0x08000366   Section        0  iusefp.o(.text)
    .text                                    0x08000366   Section        0  fepilogue.o(.text)
    .text                                    0x080003d4   Section        0  fsqrt.o(.text)
    .text                                    0x08000432   Section        0  frnd.o(.text)
    .text                                    0x08000470   Section       36  init.o(.text)
    i.ADC_ConversionStop_Disable             0x08000494   Section        0  stm32f1xx_hal_adc.o(i.ADC_ConversionStop_Disable)
    i.ADC_Enable                             0x080004ec   Section        0  stm32f1xx_hal_adc.o(i.ADC_Enable)
    i.BusFault_Handler                       0x08000568   Section        0  stm32f1xx_it.o(i.BusFault_Handler)
    i.DebugMon_Handler                       0x0800056a   Section        0  stm32f1xx_it.o(i.DebugMon_Handler)
    i.HAL_ADC_ConfigChannel                  0x0800056c   Section        0  stm32f1xx_hal_adc.o(i.HAL_ADC_ConfigChannel)
    i.HAL_ADC_GetValue                       0x08000668   Section        0  stm32f1xx_hal_adc.o(i.HAL_ADC_GetValue)
    i.HAL_ADC_Init                           0x08000670   Section        0  stm32f1xx_hal_adc.o(i.HAL_ADC_Init)
    i.HAL_ADC_MspInit                        0x0800078c   Section        0  stm32f1xx_hal_msp.o(i.HAL_ADC_MspInit)
    i.HAL_ADC_Start                          0x080007e4   Section        0  stm32f1xx_hal_adc.o(i.HAL_ADC_Start)
    i.HAL_Delay                              0x080008a4   Section        0  stm32f1xx_hal.o(i.HAL_Delay)
    i.HAL_GPIO_Init                          0x080008c8   Section        0  stm32f1xx_hal_gpio.o(i.HAL_GPIO_Init)
    i.HAL_GPIO_ReadPin                       0x08000aa8   Section        0  stm32f1xx_hal_gpio.o(i.HAL_GPIO_ReadPin)
    i.HAL_GPIO_WritePin                      0x08000ab2   Section        0  stm32f1xx_hal_gpio.o(i.HAL_GPIO_WritePin)
    i.HAL_GetTick                            0x08000abc   Section        0  stm32f1xx_hal.o(i.HAL_GetTick)
    i.HAL_IncTick                            0x08000ac8   Section        0  stm32f1xx_hal.o(i.HAL_IncTick)
    i.HAL_Init                               0x08000ad8   Section        0  stm32f1xx_hal.o(i.HAL_Init)
    i.HAL_InitTick                           0x08000afc   Section        0  stm32f1xx_hal_timebase_tim.o(i.HAL_InitTick)
    i.HAL_MspInit                            0x08000b70   Section        0  stm32f1xx_hal_msp.o(i.HAL_MspInit)
    i.HAL_NVIC_EnableIRQ                     0x08000bac   Section        0  stm32f1xx_hal_cortex.o(i.HAL_NVIC_EnableIRQ)
    i.HAL_NVIC_SetPriority                   0x08000bc8   Section        0  stm32f1xx_hal_cortex.o(i.HAL_NVIC_SetPriority)
    i.HAL_NVIC_SetPriorityGrouping           0x08000c08   Section        0  stm32f1xx_hal_cortex.o(i.HAL_NVIC_SetPriorityGrouping)
    i.HAL_PWR_EnableBkUpAccess               0x08000c2c   Section        0  stm32f1xx_hal_pwr.o(i.HAL_PWR_EnableBkUpAccess)
    i.HAL_RCCEx_GetPeriphCLKFreq             0x08000c38   Section        0  stm32f1xx_hal_rcc_ex.o(i.HAL_RCCEx_GetPeriphCLKFreq)
    i.HAL_RCCEx_PeriphCLKConfig              0x08000d00   Section        0  stm32f1xx_hal_rcc_ex.o(i.HAL_RCCEx_PeriphCLKConfig)
    i.HAL_RCC_ClockConfig                    0x08000dec   Section        0  stm32f1xx_hal_rcc.o(i.HAL_RCC_ClockConfig)
    i.HAL_RCC_GetClockConfig                 0x08000f18   Section        0  stm32f1xx_hal_rcc.o(i.HAL_RCC_GetClockConfig)
    i.HAL_RCC_GetPCLK1Freq                   0x08000f58   Section        0  stm32f1xx_hal_rcc.o(i.HAL_RCC_GetPCLK1Freq)
    i.HAL_RCC_GetPCLK2Freq                   0x08000f78   Section        0  stm32f1xx_hal_rcc.o(i.HAL_RCC_GetPCLK2Freq)
    i.HAL_RCC_GetSysClockFreq                0x08000f98   Section        0  stm32f1xx_hal_rcc.o(i.HAL_RCC_GetSysClockFreq)
    i.HAL_RCC_OscConfig                      0x08001004   Section        0  stm32f1xx_hal_rcc.o(i.HAL_RCC_OscConfig)
    i.HAL_RTCEx_RTCEventCallback             0x08001324   Section        0  stm32f1xx_hal_rtc_ex.o(i.HAL_RTCEx_RTCEventCallback)
    i.HAL_RTCEx_RTCEventErrorCallback        0x08001326   Section        0  stm32f1xx_hal_rtc_ex.o(i.HAL_RTCEx_RTCEventErrorCallback)
    i.HAL_RTCEx_RTCIRQHandler                0x08001328   Section        0  stm32f1xx_hal_rtc_ex.o(i.HAL_RTCEx_RTCIRQHandler)
    i.HAL_RTC_AlarmAEventCallback            0x08001368   Section        0  clock.o(i.HAL_RTC_AlarmAEventCallback)
    i.HAL_RTC_AlarmIRQHandler                0x0800137c   Section        0  stm32f1xx_hal_rtc.o(i.HAL_RTC_AlarmIRQHandler)
    i.HAL_RTC_GetAlarm                       0x080013b0   Section        0  stm32f1xx_hal_rtc.o(i.HAL_RTC_GetAlarm)
    i.HAL_RTC_GetTime                        0x08001416   Section        0  stm32f1xx_hal_rtc.o(i.HAL_RTC_GetTime)
    i.HAL_RTC_Init                           0x080014f0   Section        0  stm32f1xx_hal_rtc.o(i.HAL_RTC_Init)
    i.HAL_RTC_MspInit                        0x08001590   Section        0  stm32f1xx_hal_msp.o(i.HAL_RTC_MspInit)
    i.HAL_RTC_SetAlarm_IT                    0x080015d8   Section        0  stm32f1xx_hal_rtc.o(i.HAL_RTC_SetAlarm_IT)
    i.HAL_RTC_SetTime                        0x080016c4   Section        0  stm32f1xx_hal_rtc.o(i.HAL_RTC_SetTime)
    i.HAL_RTC_WaitForSynchro                 0x08001770   Section        0  stm32f1xx_hal_rtc.o(i.HAL_RTC_WaitForSynchro)
    i.HAL_TIMEx_BreakCallback                0x080017aa   Section        0  stm32f1xx_hal_tim_ex.o(i.HAL_TIMEx_BreakCallback)
    i.HAL_TIMEx_CommutCallback               0x080017ac   Section        0  stm32f1xx_hal_tim_ex.o(i.HAL_TIMEx_CommutCallback)
    i.HAL_TIM_Base_Init                      0x080017ae   Section        0  stm32f1xx_hal_tim.o(i.HAL_TIM_Base_Init)
    i.HAL_TIM_Base_MspInit                   0x08001808   Section        0  stm32f1xx_hal_tim.o(i.HAL_TIM_Base_MspInit)
    i.HAL_TIM_Base_Start_IT                  0x0800180c   Section        0  stm32f1xx_hal_tim.o(i.HAL_TIM_Base_Start_IT)
    i.HAL_TIM_IC_CaptureCallback             0x08001864   Section        0  stm32f1xx_hal_tim.o(i.HAL_TIM_IC_CaptureCallback)
    i.HAL_TIM_IRQHandler                     0x08001866   Section        0  stm32f1xx_hal_tim.o(i.HAL_TIM_IRQHandler)
    i.HAL_TIM_OC_DelayElapsedCallback        0x080019cc   Section        0  stm32f1xx_hal_tim.o(i.HAL_TIM_OC_DelayElapsedCallback)
    i.HAL_TIM_PWM_PulseFinishedCallback      0x080019ce   Section        0  stm32f1xx_hal_tim.o(i.HAL_TIM_PWM_PulseFinishedCallback)
    i.HAL_TIM_PeriodElapsedCallback          0x080019d0   Section        0  main.o(i.HAL_TIM_PeriodElapsedCallback)
    i.HAL_TIM_TriggerCallback                0x080019e4   Section        0  stm32f1xx_hal_tim.o(i.HAL_TIM_TriggerCallback)
    i.HardFault_Handler                      0x080019e6   Section        0  stm32f1xx_it.o(i.HardFault_Handler)
    i.MX_ADC1_Init                           0x080019e8   Section        0  main.o(i.MX_ADC1_Init)
    MX_ADC1_Init                             0x080019e9   Thumb Code    68  main.o(i.MX_ADC1_Init)
    i.MX_GPIO_Init                           0x08001a34   Section        0  main.o(i.MX_GPIO_Init)
    MX_GPIO_Init                             0x08001a35   Thumb Code   118  main.o(i.MX_GPIO_Init)
    i.MemManage_Handler                      0x08001ab8   Section        0  stm32f1xx_it.o(i.MemManage_Handler)
    i.NMI_Handler                            0x08001aba   Section        0  stm32f1xx_it.o(i.NMI_Handler)
    i.PendSV_Handler                         0x08001abc   Section        0  stm32f1xx_it.o(i.PendSV_Handler)
    i.RTC_Bcd2ToByte                         0x08001abe   Section        0  stm32f1xx_hal_rtc.o(i.RTC_Bcd2ToByte)
    RTC_Bcd2ToByte                           0x08001abf   Thumb Code    18  stm32f1xx_hal_rtc.o(i.RTC_Bcd2ToByte)
    i.RTC_ByteToBcd2                         0x08001ad0   Section        0  stm32f1xx_hal_rtc.o(i.RTC_ByteToBcd2)
    RTC_ByteToBcd2                           0x08001ad1   Thumb Code    22  stm32f1xx_hal_rtc.o(i.RTC_ByteToBcd2)
    i.RTC_DateUpdate                         0x08001ae6   Section        0  stm32f1xx_hal_rtc.o(i.RTC_DateUpdate)
    RTC_DateUpdate                           0x08001ae7   Thumb Code   174  stm32f1xx_hal_rtc.o(i.RTC_DateUpdate)
    i.RTC_EnterInitMode                      0x08001b94   Section        0  stm32f1xx_hal_rtc.o(i.RTC_EnterInitMode)
    RTC_EnterInitMode                        0x08001b95   Thumb Code    52  stm32f1xx_hal_rtc.o(i.RTC_EnterInitMode)
    i.RTC_ExitInitMode                       0x08001bc8   Section        0  stm32f1xx_hal_rtc.o(i.RTC_ExitInitMode)
    RTC_ExitInitMode                         0x08001bc9   Thumb Code    54  stm32f1xx_hal_rtc.o(i.RTC_ExitInitMode)
    i.RTC_IRQHandler                         0x08001c00   Section        0  stm32f1xx_it.o(i.RTC_IRQHandler)
    i.RTC_ReadAlarmCounter                   0x08001c18   Section        0  stm32f1xx_hal_rtc.o(i.RTC_ReadAlarmCounter)
    RTC_ReadAlarmCounter                     0x08001c19   Thumb Code    14  stm32f1xx_hal_rtc.o(i.RTC_ReadAlarmCounter)
    i.RTC_ReadTimeCounter                    0x08001c26   Section        0  stm32f1xx_hal_rtc.o(i.RTC_ReadTimeCounter)
    RTC_ReadTimeCounter                      0x08001c27   Thumb Code    32  stm32f1xx_hal_rtc.o(i.RTC_ReadTimeCounter)
    i.RTC_WeekDayNum                         0x08001c46   Section        0  stm32f1xx_hal_rtc.o(i.RTC_WeekDayNum)
    RTC_WeekDayNum                           0x08001c47   Thumb Code    86  stm32f1xx_hal_rtc.o(i.RTC_WeekDayNum)
    i.RTC_WriteAlarmCounter                  0x08001c9c   Section        0  stm32f1xx_hal_rtc.o(i.RTC_WriteAlarmCounter)
    RTC_WriteAlarmCounter                    0x08001c9d   Thumb Code    40  stm32f1xx_hal_rtc.o(i.RTC_WriteAlarmCounter)
    i.RTC_WriteTimeCounter                   0x08001cc4   Section        0  stm32f1xx_hal_rtc.o(i.RTC_WriteTimeCounter)
    RTC_WriteTimeCounter                     0x08001cc5   Thumb Code    40  stm32f1xx_hal_rtc.o(i.RTC_WriteTimeCounter)
    i.SVC_Handler                            0x08001cec   Section        0  stm32f1xx_it.o(i.SVC_Handler)
    i.SysTick_Handler                        0x08001cee   Section        0  stm32f1xx_it.o(i.SysTick_Handler)
    i.SystemClock_Config                     0x08001cf0   Section        0  main.o(i.SystemClock_Config)
    i.SystemInit                             0x08001d76   Section        0  system_stm32f1xx.o(i.SystemInit)
    i.TIM4_IRQHandler                        0x08001d78   Section        0  stm32f1xx_it.o(i.TIM4_IRQHandler)
    i.TIM_Base_SetConfig                     0x08001d84   Section        0  stm32f1xx_hal_tim.o(i.TIM_Base_SetConfig)
    i.UsageFault_Handler                     0x08001df0   Section        0  stm32f1xx_it.o(i.UsageFault_Handler)
    i.__ARM_fpclassifyf                      0x08001df2   Section        0  fpclassifyf.o(i.__ARM_fpclassifyf)
    i.__NVIC_SetPriority                     0x08001e18   Section        0  stm32f1xx_hal_cortex.o(i.__NVIC_SetPriority)
    __NVIC_SetPriority                       0x08001e19   Thumb Code    32  stm32f1xx_hal_cortex.o(i.__NVIC_SetPriority)
    i.__mathlib_flt_infnan                   0x08001e38   Section        0  funder.o(i.__mathlib_flt_infnan)
    i.__mathlib_flt_invalid                  0x08001e3e   Section        0  funder.o(i.__mathlib_flt_invalid)
    i.__mathlib_flt_underflow                0x08001e46   Section        0  funder.o(i.__mathlib_flt_underflow)
    i.__mathlib_rredf2                       0x08001e50   Section        0  rredf.o(i.__mathlib_rredf2)
    i.__scatterload_copy                     0x08001fb8   Section       14  handlers.o(i.__scatterload_copy)
    i.__scatterload_null                     0x08001fc6   Section        2  handlers.o(i.__scatterload_null)
    i.__scatterload_zeroinit                 0x08001fc8   Section       14  handlers.o(i.__scatterload_zeroinit)
    i.__set_errno                            0x08001fd8   Section        0  errno.o(i.__set_errno)
    i.bms_get_voltage                        0x08001fe4   Section        0  bms.o(i.bms_get_voltage)
    i.bms_init                               0x08002078   Section        0  bms.o(i.bms_init)
    i.clock_check_alarm                      0x0800209c   Section        0  clock.o(i.clock_check_alarm)
    i.clock_get_rtc                          0x080020b8   Section        0  clock.o(i.clock_get_rtc)
    i.clock_init                             0x080020e0   Section        0  clock.o(i.clock_init)
    i.clock_loop                             0x080020f0   Section        0  clock.o(i.clock_loop)
    i.clock_sta_alarm_up                     0x08002108   Section        0  clock.o(i.clock_sta_alarm_up)
    i.clock_sta_alarm_up_init                0x08002130   Section        0  clock.o(i.clock_sta_alarm_up_init)
    i.clock_sta_alarmset                     0x08002134   Section        0  clock.o(i.clock_sta_alarmset)
    i.clock_sta_alarmset_init                0x08002230   Section        0  clock.o(i.clock_sta_alarmset_init)
    i.clock_sta_info                         0x08002250   Section        0  clock.o(i.clock_sta_info)
    i.clock_sta_info_init                    0x08002270   Section        0  clock.o(i.clock_sta_info_init)
    i.clock_sta_menu                         0x08002274   Section        0  clock.o(i.clock_sta_menu)
    i.clock_sta_menu_init                    0x080022e4   Section        0  clock.o(i.clock_sta_menu_init)
    i.clock_sta_pic                          0x080022e8   Section        0  clock.o(i.clock_sta_pic)
    i.clock_sta_timeset                      0x08002308   Section        0  clock.o(i.clock_sta_timeset)
    i.clock_sta_timeset_init                 0x080023e8   Section        0  clock.o(i.clock_sta_timeset_init)
    i.cosf                                   0x080023fc   Section        0  cosf.o(i.cosf)
    i.display_mode_alarmset                  0x08002578   Section        0  display.o(i.display_mode_alarmset)
    i.display_mode_alarmset_init             0x08002608   Section        0  display.o(i.display_mode_alarmset_init)
    i.display_mode_alarmup                   0x0800265c   Section        0  display.o(i.display_mode_alarmup)
    i.display_mode_alarmup_init              0x080026bc   Section        0  display.o(i.display_mode_alarmup_init)
    i.display_mode_info                      0x08002740   Section        0  display.o(i.display_mode_info)
    i.display_mode_info_init                 0x080027d8   Section        0  display.o(i.display_mode_info_init)
    i.display_mode_menu                      0x08002858   Section        0  display.o(i.display_mode_menu)
    i.display_mode_menu_init                 0x08002894   Section        0  display.o(i.display_mode_menu_init)
    i.display_mode_pic                       0x08002960   Section        0  display.o(i.display_mode_pic)
    i.display_mode_timeset                   0x08002a20   Section        0  display.o(i.display_mode_timeset)
    i.display_mode_timeset_init              0x08002a94   Section        0  display.o(i.display_mode_timeset_init)
    i.display_status_bar                     0x08002ae8   Section        0  display.o(i.display_status_bar)
    i.draw_circle                            0x08002b50   Section        0  draw.o(i.draw_circle)
    i.draw_clear                             0x08002c24   Section        0  draw.o(i.draw_clear)
    i.draw_clock_line                        0x08002c34   Section        0  display.o(i.draw_clock_line)
    i.draw_line                              0x08002d00   Section        0  draw.o(i.draw_line)
    i.draw_load                              0x08002db4   Section        0  draw.o(i.draw_load)
    i.draw_point                             0x08002dc0   Section        0  draw.o(i.draw_point)
    i.fsm_init                               0x08002dd8   Section        0  fsm.o(i.fsm_init)
    i.fsm_loop                               0x08002de2   Section        0  fsm.o(i.fsm_loop)
    i.fsm_switch                             0x08002dfa   Section        0  fsm.o(i.fsm_switch)
    i.key_get_value                          0x08002e1c   Section        0  key.o(i.key_get_value)
    key_get_value                            0x08002e1d   Thumb Code    78  key.o(i.key_get_value)
    i.key_scan                               0x08002e70   Section        0  key.o(i.key_scan)
    i.main                                   0x08002ea4   Section        0  main.o(i.main)
    i.oled_clear                             0x08002ef0   Section        0  oled.o(i.oled_clear)
    i.oled_fill_pic                          0x08002f16   Section        0  oled.o(i.oled_fill_pic)
    i.oled_init                              0x08002f5c   Section        0  oled.o(i.oled_init)
    i.oled_print                             0x08003050   Section        0  oled.o(i.oled_print)
    i.oled_print_icon                        0x0800309c   Section        0  oled.o(i.oled_print_icon)
    i.oled_print_num                         0x080030d0   Section        0  oled.o(i.oled_print_num)
    i.oled_set_pos                           0x0800313c   Section        0  oled.o(i.oled_set_pos)
    oled_set_pos                             0x0800313d   Thumb Code    34  oled.o(i.oled_set_pos)
    i.oled_write_cmd                         0x08003160   Section        0  oled.o(i.oled_write_cmd)
    oled_write_cmd                           0x08003161   Thumb Code    96  oled.o(i.oled_write_cmd)
    i.oled_write_data                        0x080031c4   Section        0  oled.o(i.oled_write_data)
    oled_write_data                          0x080031c5   Thumb Code    96  oled.o(i.oled_write_data)
    i.roundf                                 0x08003228   Section        0  roundf.o(i.roundf)
    i.sinf                                   0x0800329c   Section        0  sinf.o(i.sinf)
    i.sqrtf                                  0x08003424   Section        0  sqrtf.o(i.sqrtf)
    .constdata                               0x08003450   Section       16  system_stm32f1xx.o(.constdata)
    .constdata                               0x08003460   Section        8  system_stm32f1xx.o(.constdata)
    .constdata                               0x08003468   Section      726  oled.o(.constdata)
    .constdata                               0x08003740   Section       32  rredf.o(.constdata)
    twooverpi                                0x08003740   Data          32  rredf.o(.constdata)
    .data                                    0x20000000   Section       12  stm32f1xx_hal.o(.data)
    .data                                    0x2000000c   Section        4  system_stm32f1xx.o(.data)
    .data                                    0x20000010   Section        1  key.o(.data)
    pressFlag                                0x20000010   Data           1  key.o(.data)
    .data                                    0x20000011   Section        7  oled.o(.data)
    numTab                                   0x20000011   Data           7  oled.o(.data)
    .data                                    0x20000018   Section        8  bms.o(.data)
    .data                                    0x20000020   Section      108  clock.o(.data)
    is_change                                0x20000020   Data           1  clock.o(.data)
    .data                                    0x2000008c   Section        4  errno.o(.data)
    _errno                                   0x2000008c   Data           4  errno.o(.data)
    .bss                                     0x20000090   Section       68  main.o(.bss)
    .bss                                     0x200000d4   Section       72  stm32f1xx_hal_timebase_tim.o(.bss)
    .bss                                     0x2000011c   Section     8192  draw.o(.bss)
    STACK                                    0x20002120   Section     1024  startup_stm32f103xb.o(STACK)

    Global Symbols

    Symbol Name                              Value     Ov Type        Size  Object(Section)

    BuildAttributes$$THM_ISAv4$P$D$K$B$S$PE$A:L22UL41UL21$X:L11$S22US41US21$IEEE1$IW$USESV6$~STKCKD$USESV7$~SHL$OTIME$ROPI$IEEEX$EBA8$MICROLIB$REQ8$PRES8$EABIv2 0x00000000   Number         0  anon$$obj.o ABSOLUTE
    __ARM_use_no_argv                        0x00000000   Number         0  main.o ABSOLUTE
    __cpp_initialize__aeabi_                  - Undefined Weak Reference
    __cxa_finalize                            - Undefined Weak Reference
    __decompress                              - Undefined Weak Reference
    _clock_init                               - Undefined Weak Reference
    _microlib_exit                            - Undefined Weak Reference
    __Vectors_Size                           0x000000ec   Number         0  startup_stm32f103xb.o ABSOLUTE
    __Vectors                                0x08000000   Data           4  startup_stm32f103xb.o(RESET)
    __Vectors_End                            0x080000ec   Data           0  startup_stm32f103xb.o(RESET)
    __main                                   0x080000ed   Thumb Code     0  entry.o(.ARM.Collect$$$$00000000)
    _main_stk                                0x080000ed   Thumb Code     0  entry2.o(.ARM.Collect$$$$00000001)
    _main_scatterload                        0x080000f1   Thumb Code     0  entry5.o(.ARM.Collect$$$$00000004)
    __main_after_scatterload                 0x080000f5   Thumb Code     0  entry5.o(.ARM.Collect$$$$00000004)
    _main_clock                              0x080000f5   Thumb Code     0  entry7b.o(.ARM.Collect$$$$00000008)
    _main_cpp_init                           0x080000f5   Thumb Code     0  entry8b.o(.ARM.Collect$$$$0000000A)
    _main_init                               0x080000f5   Thumb Code     0  entry9a.o(.ARM.Collect$$$$0000000B)
    __rt_final_cpp                           0x080000fd   Thumb Code     0  entry10a.o(.ARM.Collect$$$$0000000D)
    __rt_final_exit                          0x080000fd   Thumb Code     0  entry11a.o(.ARM.Collect$$$$0000000F)
    Reset_Handler                            0x08000101   Thumb Code     8  startup_stm32f103xb.o(.text)
    ADC1_2_IRQHandler                        0x0800011b   Thumb Code     0  startup_stm32f103xb.o(.text)
    CAN1_RX1_IRQHandler                      0x0800011b   Thumb Code     0  startup_stm32f103xb.o(.text)
    CAN1_SCE_IRQHandler                      0x0800011b   Thumb Code     0  startup_stm32f103xb.o(.text)
    DMA1_Channel1_IRQHandler                 0x0800011b   Thumb Code     0  startup_stm32f103xb.o(.text)
    DMA1_Channel2_IRQHandler                 0x0800011b   Thumb Code     0  startup_stm32f103xb.o(.text)
    DMA1_Channel3_IRQHandler                 0x0800011b   Thumb Code     0  startup_stm32f103xb.o(.text)
    DMA1_Channel4_IRQHandler                 0x0800011b   Thumb Code     0  startup_stm32f103xb.o(.text)
    DMA1_Channel5_IRQHandler                 0x0800011b   Thumb Code     0  startup_stm32f103xb.o(.text)
    DMA1_Channel6_IRQHandler                 0x0800011b   Thumb Code     0  startup_stm32f103xb.o(.text)
    DMA1_Channel7_IRQHandler                 0x0800011b   Thumb Code     0  startup_stm32f103xb.o(.text)
    EXTI0_IRQHandler                         0x0800011b   Thumb Code     0  startup_stm32f103xb.o(.text)
    EXTI15_10_IRQHandler                     0x0800011b   Thumb Code     0  startup_stm32f103xb.o(.text)
    EXTI1_IRQHandler                         0x0800011b   Thumb Code     0  startup_stm32f103xb.o(.text)
    EXTI2_IRQHandler                         0x0800011b   Thumb Code     0  startup_stm32f103xb.o(.text)
    EXTI3_IRQHandler                         0x0800011b   Thumb Code     0  startup_stm32f103xb.o(.text)
    EXTI4_IRQHandler                         0x0800011b   Thumb Code     0  startup_stm32f103xb.o(.text)
    EXTI9_5_IRQHandler                       0x0800011b   Thumb Code     0  startup_stm32f103xb.o(.text)
    FLASH_IRQHandler                         0x0800011b   Thumb Code     0  startup_stm32f103xb.o(.text)
    I2C1_ER_IRQHandler                       0x0800011b   Thumb Code     0  startup_stm32f103xb.o(.text)
    I2C1_EV_IRQHandler                       0x0800011b   Thumb Code     0  startup_stm32f103xb.o(.text)
    I2C2_ER_IRQHandler                       0x0800011b   Thumb Code     0  startup_stm32f103xb.o(.text)
    I2C2_EV_IRQHandler                       0x0800011b   Thumb Code     0  startup_stm32f103xb.o(.text)
    PVD_IRQHandler                           0x0800011b   Thumb Code     0  startup_stm32f103xb.o(.text)
    RCC_IRQHandler                           0x0800011b   Thumb Code     0  startup_stm32f103xb.o(.text)
    RTC_Alarm_IRQHandler                     0x0800011b   Thumb Code     0  startup_stm32f103xb.o(.text)
    SPI1_IRQHandler                          0x0800011b   Thumb Code     0  startup_stm32f103xb.o(.text)
    SPI2_IRQHandler                          0x0800011b   Thumb Code     0  startup_stm32f103xb.o(.text)
    TAMPER_IRQHandler                        0x0800011b   Thumb Code     0  startup_stm32f103xb.o(.text)
    TIM1_BRK_IRQHandler                      0x0800011b   Thumb Code     0  startup_stm32f103xb.o(.text)
    TIM1_CC_IRQHandler                       0x0800011b   Thumb Code     0  startup_stm32f103xb.o(.text)
    TIM1_TRG_COM_IRQHandler                  0x0800011b   Thumb Code     0  startup_stm32f103xb.o(.text)
    TIM1_UP_IRQHandler                       0x0800011b   Thumb Code     0  startup_stm32f103xb.o(.text)
    TIM2_IRQHandler                          0x0800011b   Thumb Code     0  startup_stm32f103xb.o(.text)
    TIM3_IRQHandler                          0x0800011b   Thumb Code     0  startup_stm32f103xb.o(.text)
    USART1_IRQHandler                        0x0800011b   Thumb Code     0  startup_stm32f103xb.o(.text)
    USART2_IRQHandler                        0x0800011b   Thumb Code     0  startup_stm32f103xb.o(.text)
    USART3_IRQHandler                        0x0800011b   Thumb Code     0  startup_stm32f103xb.o(.text)
    USBWakeUp_IRQHandler                     0x0800011b   Thumb Code     0  startup_stm32f103xb.o(.text)
    USB_HP_CAN1_TX_IRQHandler                0x0800011b   Thumb Code     0  startup_stm32f103xb.o(.text)
    USB_LP_CAN1_RX0_IRQHandler               0x0800011b   Thumb Code     0  startup_stm32f103xb.o(.text)
    WWDG_IRQHandler                          0x0800011b   Thumb Code     0  startup_stm32f103xb.o(.text)
    __aeabi_memset                           0x08000125   Thumb Code    14  memseta.o(.text)
    __aeabi_memset4                          0x08000125   Thumb Code     0  memseta.o(.text)
    __aeabi_memset8                          0x08000125   Thumb Code     0  memseta.o(.text)
    __aeabi_memclr                           0x08000133   Thumb Code     4  memseta.o(.text)
    __aeabi_memclr4                          0x08000133   Thumb Code     0  memseta.o(.text)
    __aeabi_memclr8                          0x08000133   Thumb Code     0  memseta.o(.text)
    _memset$wrapper                          0x08000137   Thumb Code    18  memseta.o(.text)
    __aeabi_fadd                             0x08000149   Thumb Code   164  fadd.o(.text)
    __aeabi_fsub                             0x080001ed   Thumb Code     6  fadd.o(.text)
    __aeabi_frsub                            0x080001f3   Thumb Code     6  fadd.o(.text)
    __aeabi_fmul                             0x080001f9   Thumb Code   100  fmul.o(.text)
    __aeabi_fdiv                             0x0800025d   Thumb Code   124  fdiv.o(.text)
    __ARM_scalbnf                            0x080002d9   Thumb Code    24  fscalb.o(.text)
    scalbnf                                  0x080002d9   Thumb Code     0  fscalb.o(.text)
    __aeabi_i2f                              0x080002f1   Thumb Code    18  fflti.o(.text)
    __aeabi_ui2f                             0x08000303   Thumb Code    10  ffltui.o(.text)
    __aeabi_f2iz                             0x0800030d   Thumb Code    50  ffixi.o(.text)
    __aeabi_f2uiz                            0x0800033f   Thumb Code    40  ffixui.o(.text)
    __I$use$fp                               0x08000367   Thumb Code     0  iusefp.o(.text)
    _float_round                             0x08000367   Thumb Code    18  fepilogue.o(.text)
    _float_epilogue                          0x08000379   Thumb Code    92  fepilogue.o(.text)
    _fsqrt                                   0x080003d5   Thumb Code    94  fsqrt.o(.text)
    _frnd                                    0x08000433   Thumb Code    60  frnd.o(.text)
    __scatterload                            0x08000471   Thumb Code    28  init.o(.text)
    __scatterload_rt2                        0x08000471   Thumb Code     0  init.o(.text)
    ADC_ConversionStop_Disable               0x08000495   Thumb Code    86  stm32f1xx_hal_adc.o(i.ADC_ConversionStop_Disable)
    ADC_Enable                               0x080004ed   Thumb Code   114  stm32f1xx_hal_adc.o(i.ADC_Enable)
    BusFault_Handler                         0x08000569   Thumb Code     2  stm32f1xx_it.o(i.BusFault_Handler)
    DebugMon_Handler                         0x0800056b   Thumb Code     2  stm32f1xx_it.o(i.DebugMon_Handler)
    HAL_ADC_ConfigChannel                    0x0800056d   Thumb Code   240  stm32f1xx_hal_adc.o(i.HAL_ADC_ConfigChannel)
    HAL_ADC_GetValue                         0x08000669   Thumb Code     6  stm32f1xx_hal_adc.o(i.HAL_ADC_GetValue)
    HAL_ADC_Init                             0x08000671   Thumb Code   272  stm32f1xx_hal_adc.o(i.HAL_ADC_Init)
    HAL_ADC_MspInit                          0x0800078d   Thumb Code    76  stm32f1xx_hal_msp.o(i.HAL_ADC_MspInit)
    HAL_ADC_Start                            0x080007e5   Thumb Code   184  stm32f1xx_hal_adc.o(i.HAL_ADC_Start)
    HAL_Delay                                0x080008a5   Thumb Code    32  stm32f1xx_hal.o(i.HAL_Delay)
    HAL_GPIO_Init                            0x080008c9   Thumb Code   446  stm32f1xx_hal_gpio.o(i.HAL_GPIO_Init)
    HAL_GPIO_ReadPin                         0x08000aa9   Thumb Code    10  stm32f1xx_hal_gpio.o(i.HAL_GPIO_ReadPin)
    HAL_GPIO_WritePin                        0x08000ab3   Thumb Code    10  stm32f1xx_hal_gpio.o(i.HAL_GPIO_WritePin)
    HAL_GetTick                              0x08000abd   Thumb Code     6  stm32f1xx_hal.o(i.HAL_GetTick)
    HAL_IncTick                              0x08000ac9   Thumb Code    12  stm32f1xx_hal.o(i.HAL_IncTick)
    HAL_Init                                 0x08000ad9   Thumb Code    32  stm32f1xx_hal.o(i.HAL_Init)
    HAL_InitTick                             0x08000afd   Thumb Code   100  stm32f1xx_hal_timebase_tim.o(i.HAL_InitTick)
    HAL_MspInit                              0x08000b71   Thumb Code    52  stm32f1xx_hal_msp.o(i.HAL_MspInit)
    HAL_NVIC_EnableIRQ                       0x08000bad   Thumb Code    26  stm32f1xx_hal_cortex.o(i.HAL_NVIC_EnableIRQ)
    HAL_NVIC_SetPriority                     0x08000bc9   Thumb Code    60  stm32f1xx_hal_cortex.o(i.HAL_NVIC_SetPriority)
    HAL_NVIC_SetPriorityGrouping             0x08000c09   Thumb Code    26  stm32f1xx_hal_cortex.o(i.HAL_NVIC_SetPriorityGrouping)
    HAL_PWR_EnableBkUpAccess                 0x08000c2d   Thumb Code     8  stm32f1xx_hal_pwr.o(i.HAL_PWR_EnableBkUpAccess)
    HAL_RCCEx_GetPeriphCLKFreq               0x08000c39   Thumb Code   166  stm32f1xx_hal_rcc_ex.o(i.HAL_RCCEx_GetPeriphCLKFreq)
    HAL_RCCEx_PeriphCLKConfig                0x08000d01   Thumb Code   224  stm32f1xx_hal_rcc_ex.o(i.HAL_RCCEx_PeriphCLKConfig)
    HAL_RCC_ClockConfig                      0x08000ded   Thumb Code   280  stm32f1xx_hal_rcc.o(i.HAL_RCC_ClockConfig)
    HAL_RCC_GetClockConfig                   0x08000f19   Thumb Code    54  stm32f1xx_hal_rcc.o(i.HAL_RCC_GetClockConfig)
    HAL_RCC_GetPCLK1Freq                     0x08000f59   Thumb Code    20  stm32f1xx_hal_rcc.o(i.HAL_RCC_GetPCLK1Freq)
    HAL_RCC_GetPCLK2Freq                     0x08000f79   Thumb Code    20  stm32f1xx_hal_rcc.o(i.HAL_RCC_GetPCLK2Freq)
    HAL_RCC_GetSysClockFreq                  0x08000f99   Thumb Code    74  stm32f1xx_hal_rcc.o(i.HAL_RCC_GetSysClockFreq)
    HAL_RCC_OscConfig                        0x08001005   Thumb Code   778  stm32f1xx_hal_rcc.o(i.HAL_RCC_OscConfig)
    HAL_RTCEx_RTCEventCallback               0x08001325   Thumb Code     2  stm32f1xx_hal_rtc_ex.o(i.HAL_RTCEx_RTCEventCallback)
    HAL_RTCEx_RTCEventErrorCallback          0x08001327   Thumb Code     2  stm32f1xx_hal_rtc_ex.o(i.HAL_RTCEx_RTCEventErrorCallback)
    HAL_RTCEx_RTCIRQHandler                  0x08001329   Thumb Code    62  stm32f1xx_hal_rtc_ex.o(i.HAL_RTCEx_RTCIRQHandler)
    HAL_RTC_AlarmAEventCallback              0x08001369   Thumb Code    14  clock.o(i.HAL_RTC_AlarmAEventCallback)
    HAL_RTC_AlarmIRQHandler                  0x0800137d   Thumb Code    48  stm32f1xx_hal_rtc.o(i.HAL_RTC_AlarmIRQHandler)
    HAL_RTC_GetAlarm                         0x080013b1   Thumb Code   102  stm32f1xx_hal_rtc.o(i.HAL_RTC_GetAlarm)
    HAL_RTC_GetTime                          0x08001417   Thumb Code   216  stm32f1xx_hal_rtc.o(i.HAL_RTC_GetTime)
    HAL_RTC_Init                             0x080014f1   Thumb Code   154  stm32f1xx_hal_rtc.o(i.HAL_RTC_Init)
    HAL_RTC_MspInit                          0x08001591   Thumb Code    60  stm32f1xx_hal_msp.o(i.HAL_RTC_MspInit)
    HAL_RTC_SetAlarm_IT                      0x080015d9   Thumb Code   226  stm32f1xx_hal_rtc.o(i.HAL_RTC_SetAlarm_IT)
    HAL_RTC_SetTime                          0x080016c5   Thumb Code   168  stm32f1xx_hal_rtc.o(i.HAL_RTC_SetTime)
    HAL_RTC_WaitForSynchro                   0x08001771   Thumb Code    58  stm32f1xx_hal_rtc.o(i.HAL_RTC_WaitForSynchro)
    HAL_TIMEx_BreakCallback                  0x080017ab   Thumb Code     2  stm32f1xx_hal_tim_ex.o(i.HAL_TIMEx_BreakCallback)
    HAL_TIMEx_CommutCallback                 0x080017ad   Thumb Code     2  stm32f1xx_hal_tim_ex.o(i.HAL_TIMEx_CommutCallback)
    HAL_TIM_Base_Init                        0x080017af   Thumb Code    90  stm32f1xx_hal_tim.o(i.HAL_TIM_Base_Init)
    HAL_TIM_Base_MspInit                     0x08001809   Thumb Code     2  stm32f1xx_hal_tim.o(i.HAL_TIM_Base_MspInit)
    HAL_TIM_Base_Start_IT                    0x0800180d   Thumb Code    76  stm32f1xx_hal_tim.o(i.HAL_TIM_Base_Start_IT)
    HAL_TIM_IC_CaptureCallback               0x08001865   Thumb Code     2  stm32f1xx_hal_tim.o(i.HAL_TIM_IC_CaptureCallback)
    HAL_TIM_IRQHandler                       0x08001867   Thumb Code   358  stm32f1xx_hal_tim.o(i.HAL_TIM_IRQHandler)
    HAL_TIM_OC_DelayElapsedCallback          0x080019cd   Thumb Code     2  stm32f1xx_hal_tim.o(i.HAL_TIM_OC_DelayElapsedCallback)
    HAL_TIM_PWM_PulseFinishedCallback        0x080019cf   Thumb Code     2  stm32f1xx_hal_tim.o(i.HAL_TIM_PWM_PulseFinishedCallback)
    HAL_TIM_PeriodElapsedCallback            0x080019d1   Thumb Code    14  main.o(i.HAL_TIM_PeriodElapsedCallback)
    HAL_TIM_TriggerCallback                  0x080019e5   Thumb Code     2  stm32f1xx_hal_tim.o(i.HAL_TIM_TriggerCallback)
    HardFault_Handler                        0x080019e7   Thumb Code     2  stm32f1xx_it.o(i.HardFault_Handler)
    MemManage_Handler                        0x08001ab9   Thumb Code     2  stm32f1xx_it.o(i.MemManage_Handler)
    NMI_Handler                              0x08001abb   Thumb Code     2  stm32f1xx_it.o(i.NMI_Handler)
    PendSV_Handler                           0x08001abd   Thumb Code     2  stm32f1xx_it.o(i.PendSV_Handler)
    RTC_IRQHandler                           0x08001c01   Thumb Code    18  stm32f1xx_it.o(i.RTC_IRQHandler)
    SVC_Handler                              0x08001ced   Thumb Code     2  stm32f1xx_it.o(i.SVC_Handler)
    SysTick_Handler                          0x08001cef   Thumb Code     2  stm32f1xx_it.o(i.SysTick_Handler)
    SystemClock_Config                       0x08001cf1   Thumb Code   134  main.o(i.SystemClock_Config)
    SystemInit                               0x08001d77   Thumb Code     2  system_stm32f1xx.o(i.SystemInit)
    TIM4_IRQHandler                          0x08001d79   Thumb Code     6  stm32f1xx_it.o(i.TIM4_IRQHandler)
    TIM_Base_SetConfig                       0x08001d85   Thumb Code    94  stm32f1xx_hal_tim.o(i.TIM_Base_SetConfig)
    UsageFault_Handler                       0x08001df1   Thumb Code     2  stm32f1xx_it.o(i.UsageFault_Handler)
    __ARM_fpclassifyf                        0x08001df3   Thumb Code    38  fpclassifyf.o(i.__ARM_fpclassifyf)
    __mathlib_flt_infnan                     0x08001e39   Thumb Code     6  funder.o(i.__mathlib_flt_infnan)
    __mathlib_flt_invalid                    0x08001e3f   Thumb Code     8  funder.o(i.__mathlib_flt_invalid)
    __mathlib_flt_underflow                  0x08001e47   Thumb Code    10  funder.o(i.__mathlib_flt_underflow)
    __mathlib_rredf2                         0x08001e51   Thumb Code   344  rredf.o(i.__mathlib_rredf2)
    __scatterload_copy                       0x08001fb9   Thumb Code    14  handlers.o(i.__scatterload_copy)
    __scatterload_null                       0x08001fc7   Thumb Code     2  handlers.o(i.__scatterload_null)
    __scatterload_zeroinit                   0x08001fc9   Thumb Code    14  handlers.o(i.__scatterload_zeroinit)
    __set_errno                              0x08001fd9   Thumb Code     6  errno.o(i.__set_errno)
    bms_get_voltage                          0x08001fe5   Thumb Code   124  bms.o(i.bms_get_voltage)
    bms_init                                 0x08002079   Thumb Code    20  bms.o(i.bms_init)
    clock_check_alarm                        0x0800209d   Thumb Code    22  clock.o(i.clock_check_alarm)
    clock_get_rtc                            0x080020b9   Thumb Code    30  clock.o(i.clock_get_rtc)
    clock_init                               0x080020e1   Thumb Code    12  clock.o(i.clock_init)
    clock_loop                               0x080020f1   Thumb Code    20  clock.o(i.clock_loop)
    clock_sta_alarm_up                       0x08002109   Thumb Code    36  clock.o(i.clock_sta_alarm_up)
    clock_sta_alarm_up_init                  0x08002131   Thumb Code     4  clock.o(i.clock_sta_alarm_up_init)
    clock_sta_alarmset                       0x08002135   Thumb Code   244  clock.o(i.clock_sta_alarmset)
    clock_sta_alarmset_init                  0x08002231   Thumb Code    28  clock.o(i.clock_sta_alarmset_init)
    clock_sta_info                           0x08002251   Thumb Code    28  clock.o(i.clock_sta_info)
    clock_sta_info_init                      0x08002271   Thumb Code     4  clock.o(i.clock_sta_info_init)
    clock_sta_menu                           0x08002275   Thumb Code   106  clock.o(i.clock_sta_menu)
    clock_sta_menu_init                      0x080022e5   Thumb Code     4  clock.o(i.clock_sta_menu_init)
    clock_sta_pic                            0x080022e9   Thumb Code    28  clock.o(i.clock_sta_pic)
    clock_sta_timeset                        0x08002309   Thumb Code   214  clock.o(i.clock_sta_timeset)
    clock_sta_timeset_init                   0x080023e9   Thumb Code    14  clock.o(i.clock_sta_timeset_init)
    cosf                                     0x080023fd   Thumb Code   328  cosf.o(i.cosf)
    display_mode_alarmset                    0x08002579   Thumb Code   114  display.o(i.display_mode_alarmset)
    display_mode_alarmset_init               0x08002609   Thumb Code    50  display.o(i.display_mode_alarmset_init)
    display_mode_alarmup                     0x0800265d   Thumb Code    86  display.o(i.display_mode_alarmup)
    display_mode_alarmup_init                0x080026bd   Thumb Code    70  display.o(i.display_mode_alarmup_init)
    display_mode_info                        0x08002741   Thumb Code   126  display.o(i.display_mode_info)
    display_mode_info_init                   0x080027d9   Thumb Code    70  display.o(i.display_mode_info_init)
    display_mode_menu                        0x08002859   Thumb Code    48  display.o(i.display_mode_menu)
    display_mode_menu_init                   0x08002895   Thumb Code   130  display.o(i.display_mode_menu_init)
    display_mode_pic                         0x08002961   Thumb Code   186  display.o(i.display_mode_pic)
    display_mode_timeset                     0x08002a21   Thumb Code    94  display.o(i.display_mode_timeset)
    display_mode_timeset_init                0x08002a95   Thumb Code    50  display.o(i.display_mode_timeset_init)
    display_status_bar                       0x08002ae9   Thumb Code    80  display.o(i.display_status_bar)
    draw_circle                              0x08002b51   Thumb Code   212  draw.o(i.draw_circle)
    draw_clear                               0x08002c25   Thumb Code    10  draw.o(i.draw_clear)
    draw_clock_line                          0x08002c35   Thumb Code   196  display.o(i.draw_clock_line)
    draw_line                                0x08002d01   Thumb Code   180  draw.o(i.draw_line)
    draw_load                                0x08002db5   Thumb Code     6  draw.o(i.draw_load)
    draw_point                               0x08002dc1   Thumb Code    18  draw.o(i.draw_point)
    fsm_init                                 0x08002dd9   Thumb Code    10  fsm.o(i.fsm_init)
    fsm_loop                                 0x08002de3   Thumb Code    24  fsm.o(i.fsm_loop)
    fsm_switch                               0x08002dfb   Thumb Code    34  fsm.o(i.fsm_switch)
    key_scan                                 0x08002e71   Thumb Code    48  key.o(i.key_scan)
    main                                     0x08002ea5   Thumb Code    66  main.o(i.main)
    oled_clear                               0x08002ef1   Thumb Code    38  oled.o(i.oled_clear)
    oled_fill_pic                            0x08002f17   Thumb Code    70  oled.o(i.oled_fill_pic)
    oled_init                                0x08002f5d   Thumb Code   238  oled.o(i.oled_init)
    oled_print                               0x08003051   Thumb Code    70  oled.o(i.oled_print)
    oled_print_icon                          0x0800309d   Thumb Code    46  oled.o(i.oled_print_icon)
    oled_print_num                           0x080030d1   Thumb Code   102  oled.o(i.oled_print_num)
    roundf                                   0x08003229   Thumb Code   114  roundf.o(i.roundf)
    sinf                                     0x0800329d   Thumb Code   338  sinf.o(i.sinf)
    sqrtf                                    0x08003425   Thumb Code    44  sqrtf.o(i.sqrtf)
    AHBPrescTable                            0x08003450   Data          16  system_stm32f1xx.o(.constdata)
    APBPrescTable                            0x08003460   Data           8  system_stm32f1xx.o(.constdata)
    Font_6_8                                 0x08003468   Data         570  oled.o(.constdata)
    Icon_12_8                                0x080036a2   Data         156  oled.o(.constdata)
    Region$$Table$$Base                      0x08003760   Number         0  anon$$obj.o(Region$$Table)
    Region$$Table$$Limit                     0x08003780   Number         0  anon$$obj.o(Region$$Table)
    uwTickFreq                               0x20000000   Data           1  stm32f1xx_hal.o(.data)
    uwTickPrio                               0x20000004   Data           4  stm32f1xx_hal.o(.data)
    uwTick                                   0x20000008   Data           4  stm32f1xx_hal.o(.data)
    SystemCoreClock                          0x2000000c   Data           4  system_stm32f1xx.o(.data)
    Battery_info                             0x20000018   Data           8  bms.o(.data)
    Clock_time                               0x20000021   Data           3  clock.o(.data)
    Clock_time_set                           0x20000024   Data           3  clock.o(.data)
    Clock_state                              0x20000027   Data           5  clock.o(.data)
    Clock_alarm                              0x2000002c   Data           8  clock.o(.data)
    Clock_alarm_set                          0x20000034   Data           8  clock.o(.data)
    Clock_fsm                                0x2000003c   Data           8  clock.o(.data)
    Clock_fsmsta                             0x20000044   Data          72  clock.o(.data)
    hadc1                                    0x20000090   Data          48  main.o(.bss)
    hrtc                                     0x200000c0   Data          20  main.o(.bss)
    htim4                                    0x200000d4   Data          72  stm32f1xx_hal_timebase_tim.o(.bss)
    Draw_bmp                                 0x2000011c   Data        8192  draw.o(.bss)
    __initial_sp                             0x20002520   Data           0  startup_stm32f103xb.o(STACK)



==============================================================================

Memory Map of the image

  Image Entry point : 0x080000ed

  Load Region LR_IROM1 (Base: 0x08000000, Size: 0x00003810, Max: 0x00010000, ABSOLUTE)

    Execution Region ER_IROM1 (Exec base: 0x08000000, Load base: 0x08000000, Size: 0x00003780, Max: 0x00010000, ABSOLUTE)

    Exec Addr    Load Addr    Size         Type   Attr      Idx    E Section Name        Object

    0x08000000   0x08000000   0x000000ec   Data   RO            3    RESET               startup_stm32f103xb.o
    0x080000ec   0x080000ec   0x00000000   Code   RO         3441  * .ARM.Collect$$$$00000000  mc_w.l(entry.o)
    0x080000ec   0x080000ec   0x00000004   Code   RO         3483    .ARM.Collect$$$$00000001  mc_w.l(entry2.o)
    0x080000f0   0x080000f0   0x00000004   Code   RO         3486    .ARM.Collect$$$$00000004  mc_w.l(entry5.o)
    0x080000f4   0x080000f4   0x00000000   Code   RO         3488    .ARM.Collect$$$$00000008  mc_w.l(entry7b.o)
    0x080000f4   0x080000f4   0x00000000   Code   RO         3490    .ARM.Collect$$$$0000000A  mc_w.l(entry8b.o)
    0x080000f4   0x080000f4   0x00000008   Code   RO         3491    .ARM.Collect$$$$0000000B  mc_w.l(entry9a.o)
    0x080000fc   0x080000fc   0x00000000   Code   RO         3493    .ARM.Collect$$$$0000000D  mc_w.l(entry10a.o)
    0x080000fc   0x080000fc   0x00000000   Code   RO         3495    .ARM.Collect$$$$0000000F  mc_w.l(entry11a.o)
    0x080000fc   0x080000fc   0x00000004   Code   RO         3484    .ARM.Collect$$$$00002712  mc_w.l(entry2.o)
    0x08000100   0x08000100   0x00000024   Code   RO            4    .text               startup_stm32f103xb.o
    0x08000124   0x08000124   0x00000024   Code   RO         3446    .text               mc_w.l(memseta.o)
    0x08000148   0x08000148   0x000000b0   Code   RO         3448    .text               mf_w.l(fadd.o)
    0x080001f8   0x080001f8   0x00000064   Code   RO         3450    .text               mf_w.l(fmul.o)
    0x0800025c   0x0800025c   0x0000007c   Code   RO         3452    .text               mf_w.l(fdiv.o)
    0x080002d8   0x080002d8   0x00000018   Code   RO         3454    .text               mf_w.l(fscalb.o)
    0x080002f0   0x080002f0   0x00000012   Code   RO         3456    .text               mf_w.l(fflti.o)
    0x08000302   0x08000302   0x0000000a   Code   RO         3458    .text               mf_w.l(ffltui.o)
    0x0800030c   0x0800030c   0x00000032   Code   RO         3460    .text               mf_w.l(ffixi.o)
    0x0800033e   0x0800033e   0x00000028   Code   RO         3462    .text               mf_w.l(ffixui.o)
    0x08000366   0x08000366   0x00000000   Code   RO         3504    .text               mc_w.l(iusefp.o)
    0x08000366   0x08000366   0x0000006e   Code   RO         3505    .text               mf_w.l(fepilogue.o)
    0x080003d4   0x080003d4   0x0000005e   Code   RO         3507    .text               mf_w.l(fsqrt.o)
    0x08000432   0x08000432   0x0000003c   Code   RO         3509    .text               mf_w.l(frnd.o)
    0x0800046e   0x0800046e   0x00000002   PAD
    0x08000470   0x08000470   0x00000024   Code   RO         3511    .text               mc_w.l(init.o)
    0x08000494   0x08000494   0x00000056   Code   RO          143    i.ADC_ConversionStop_Disable  stm32f1xx_hal_adc.o
    0x080004ea   0x080004ea   0x00000002   PAD
    0x080004ec   0x080004ec   0x0000007c   Code   RO          147    i.ADC_Enable        stm32f1xx_hal_adc.o
    0x08000568   0x08000568   0x00000002   Code   RO         2771    i.BusFault_Handler  stm32f1xx_it.o
    0x0800056a   0x0800056a   0x00000002   Code   RO         2772    i.DebugMon_Handler  stm32f1xx_it.o
    0x0800056c   0x0800056c   0x000000fc   Code   RO          149    i.HAL_ADC_ConfigChannel  stm32f1xx_hal_adc.o
    0x08000668   0x08000668   0x00000006   Code   RO          156    i.HAL_ADC_GetValue  stm32f1xx_hal_adc.o
    0x0800066e   0x0800066e   0x00000002   PAD
    0x08000670   0x08000670   0x0000011c   Code   RO          158    i.HAL_ADC_Init      stm32f1xx_hal_adc.o
    0x0800078c   0x0800078c   0x00000058   Code   RO         2860    i.HAL_ADC_MspInit   stm32f1xx_hal_msp.o
    0x080007e4   0x080007e4   0x000000c0   Code   RO          164    i.HAL_ADC_Start     stm32f1xx_hal_adc.o
    0x080008a4   0x080008a4   0x00000024   Code   RO          426    i.HAL_Delay         stm32f1xx_hal.o
    0x080008c8   0x080008c8   0x000001e0   Code   RO          734    i.HAL_GPIO_Init     stm32f1xx_hal_gpio.o
    0x08000aa8   0x08000aa8   0x0000000a   Code   RO          736    i.HAL_GPIO_ReadPin  stm32f1xx_hal_gpio.o
    0x08000ab2   0x08000ab2   0x0000000a   Code   RO          738    i.HAL_GPIO_WritePin  stm32f1xx_hal_gpio.o
    0x08000abc   0x08000abc   0x0000000c   Code   RO          430    i.HAL_GetTick       stm32f1xx_hal.o
    0x08000ac8   0x08000ac8   0x00000010   Code   RO          436    i.HAL_IncTick       stm32f1xx_hal.o
    0x08000ad8   0x08000ad8   0x00000024   Code   RO          437    i.HAL_Init          stm32f1xx_hal.o
    0x08000afc   0x08000afc   0x00000074   Code   RO         2907    i.HAL_InitTick      stm32f1xx_hal_timebase_tim.o
    0x08000b70   0x08000b70   0x0000003c   Code   RO         2861    i.HAL_MspInit       stm32f1xx_hal_msp.o
    0x08000bac   0x08000bac   0x0000001a   Code   RO          894    i.HAL_NVIC_EnableIRQ  stm32f1xx_hal_cortex.o
    0x08000bc6   0x08000bc6   0x00000002   PAD
    0x08000bc8   0x08000bc8   0x00000040   Code   RO          900    i.HAL_NVIC_SetPriority  stm32f1xx_hal_cortex.o
    0x08000c08   0x08000c08   0x00000024   Code   RO          901    i.HAL_NVIC_SetPriorityGrouping  stm32f1xx_hal_cortex.o
    0x08000c2c   0x08000c2c   0x0000000c   Code   RO         1016    i.HAL_PWR_EnableBkUpAccess  stm32f1xx_hal_pwr.o
    0x08000c38   0x08000c38   0x000000c8   Code   RO          696    i.HAL_RCCEx_GetPeriphCLKFreq  stm32f1xx_hal_rcc_ex.o
    0x08000d00   0x08000d00   0x000000ec   Code   RO          697    i.HAL_RCCEx_PeriphCLKConfig  stm32f1xx_hal_rcc_ex.o
    0x08000dec   0x08000dec   0x0000012c   Code   RO          594    i.HAL_RCC_ClockConfig  stm32f1xx_hal_rcc.o
    0x08000f18   0x08000f18   0x00000040   Code   RO          598    i.HAL_RCC_GetClockConfig  stm32f1xx_hal_rcc.o
    0x08000f58   0x08000f58   0x00000020   Code   RO          601    i.HAL_RCC_GetPCLK1Freq  stm32f1xx_hal_rcc.o
    0x08000f78   0x08000f78   0x00000020   Code   RO          602    i.HAL_RCC_GetPCLK2Freq  stm32f1xx_hal_rcc.o
    0x08000f98   0x08000f98   0x0000006c   Code   RO          603    i.HAL_RCC_GetSysClockFreq  stm32f1xx_hal_rcc.o
    0x08001004   0x08001004   0x00000320   Code   RO          606    i.HAL_RCC_OscConfig  stm32f1xx_hal_rcc.o
    0x08001324   0x08001324   0x00000002   Code   RO         1569    i.HAL_RTCEx_RTCEventCallback  stm32f1xx_hal_rtc_ex.o
    0x08001326   0x08001326   0x00000002   Code   RO         1570    i.HAL_RTCEx_RTCEventErrorCallback  stm32f1xx_hal_rtc_ex.o
    0x08001328   0x08001328   0x0000003e   Code   RO         1571    i.HAL_RTCEx_RTCIRQHandler  stm32f1xx_hal_rtc_ex.o
    0x08001366   0x08001366   0x00000002   PAD
    0x08001368   0x08001368   0x00000014   Code   RO         3272    i.HAL_RTC_AlarmAEventCallback  clock.o
    0x0800137c   0x0800137c   0x00000034   Code   RO         1395    i.HAL_RTC_AlarmIRQHandler  stm32f1xx_hal_rtc.o
    0x080013b0   0x080013b0   0x00000066   Code   RO         1398    i.HAL_RTC_GetAlarm  stm32f1xx_hal_rtc.o
    0x08001416   0x08001416   0x000000d8   Code   RO         1401    i.HAL_RTC_GetTime   stm32f1xx_hal_rtc.o
    0x080014ee   0x080014ee   0x00000002   PAD
    0x080014f0   0x080014f0   0x000000a0   Code   RO         1402    i.HAL_RTC_Init      stm32f1xx_hal_rtc.o
    0x08001590   0x08001590   0x00000048   Code   RO         2863    i.HAL_RTC_MspInit   stm32f1xx_hal_msp.o
    0x080015d8   0x080015d8   0x000000ec   Code   RO         1407    i.HAL_RTC_SetAlarm_IT  stm32f1xx_hal_rtc.o
    0x080016c4   0x080016c4   0x000000ac   Code   RO         1409    i.HAL_RTC_SetTime   stm32f1xx_hal_rtc.o
    0x08001770   0x08001770   0x0000003a   Code   RO         1410    i.HAL_RTC_WaitForSynchro  stm32f1xx_hal_rtc.o
    0x080017aa   0x080017aa   0x00000002   Code   RO         2372    i.HAL_TIMEx_BreakCallback  stm32f1xx_hal_tim_ex.o
    0x080017ac   0x080017ac   0x00000002   Code   RO         2373    i.HAL_TIMEx_CommutCallback  stm32f1xx_hal_tim_ex.o
    0x080017ae   0x080017ae   0x0000005a   Code   RO         1668    i.HAL_TIM_Base_Init  stm32f1xx_hal_tim.o
    0x08001808   0x08001808   0x00000002   Code   RO         1670    i.HAL_TIM_Base_MspInit  stm32f1xx_hal_tim.o
    0x0800180a   0x0800180a   0x00000002   PAD
    0x0800180c   0x0800180c   0x00000058   Code   RO         1673    i.HAL_TIM_Base_Start_IT  stm32f1xx_hal_tim.o
    0x08001864   0x08001864   0x00000002   Code   RO         1702    i.HAL_TIM_IC_CaptureCallback  stm32f1xx_hal_tim.o
    0x08001866   0x08001866   0x00000166   Code   RO         1716    i.HAL_TIM_IRQHandler  stm32f1xx_hal_tim.o
    0x080019cc   0x080019cc   0x00000002   Code   RO         1719    i.HAL_TIM_OC_DelayElapsedCallback  stm32f1xx_hal_tim.o
    0x080019ce   0x080019ce   0x00000002   Code   RO         1746    i.HAL_TIM_PWM_PulseFinishedCallback  stm32f1xx_hal_tim.o
    0x080019d0   0x080019d0   0x00000014   Code   RO         2678    i.HAL_TIM_PeriodElapsedCallback  main.o
    0x080019e4   0x080019e4   0x00000002   Code   RO         1759    i.HAL_TIM_TriggerCallback  stm32f1xx_hal_tim.o
    0x080019e6   0x080019e6   0x00000002   Code   RO         2773    i.HardFault_Handler  stm32f1xx_it.o
    0x080019e8   0x080019e8   0x0000004c   Code   RO         2679    i.MX_ADC1_Init      main.o
    0x08001a34   0x08001a34   0x00000084   Code   RO         2680    i.MX_GPIO_Init      main.o
    0x08001ab8   0x08001ab8   0x00000002   Code   RO         2774    i.MemManage_Handler  stm32f1xx_it.o
    0x08001aba   0x08001aba   0x00000002   Code   RO         2775    i.NMI_Handler       stm32f1xx_it.o
    0x08001abc   0x08001abc   0x00000002   Code   RO         2776    i.PendSV_Handler    stm32f1xx_it.o
    0x08001abe   0x08001abe   0x00000012   Code   RO         1411    i.RTC_Bcd2ToByte    stm32f1xx_hal_rtc.o
    0x08001ad0   0x08001ad0   0x00000016   Code   RO         1412    i.RTC_ByteToBcd2    stm32f1xx_hal_rtc.o
    0x08001ae6   0x08001ae6   0x000000ae   Code   RO         1413    i.RTC_DateUpdate    stm32f1xx_hal_rtc.o
    0x08001b94   0x08001b94   0x00000034   Code   RO         1414    i.RTC_EnterInitMode  stm32f1xx_hal_rtc.o
    0x08001bc8   0x08001bc8   0x00000036   Code   RO         1415    i.RTC_ExitInitMode  stm32f1xx_hal_rtc.o
    0x08001bfe   0x08001bfe   0x00000002   PAD
    0x08001c00   0x08001c00   0x00000018   Code   RO         2777    i.RTC_IRQHandler    stm32f1xx_it.o
    0x08001c18   0x08001c18   0x0000000e   Code   RO         1416    i.RTC_ReadAlarmCounter  stm32f1xx_hal_rtc.o
    0x08001c26   0x08001c26   0x00000020   Code   RO         1417    i.RTC_ReadTimeCounter  stm32f1xx_hal_rtc.o
    0x08001c46   0x08001c46   0x00000056   Code   RO         1418    i.RTC_WeekDayNum    stm32f1xx_hal_rtc.o
    0x08001c9c   0x08001c9c   0x00000028   Code   RO         1419    i.RTC_WriteAlarmCounter  stm32f1xx_hal_rtc.o
    0x08001cc4   0x08001cc4   0x00000028   Code   RO         1420    i.RTC_WriteTimeCounter  stm32f1xx_hal_rtc.o
    0x08001cec   0x08001cec   0x00000002   Code   RO         2778    i.SVC_Handler       stm32f1xx_it.o
    0x08001cee   0x08001cee   0x00000002   Code   RO         2779    i.SysTick_Handler   stm32f1xx_it.o
    0x08001cf0   0x08001cf0   0x00000086   Code   RO         2681    i.SystemClock_Config  main.o
    0x08001d76   0x08001d76   0x00000002   Code   RO         2640    i.SystemInit        system_stm32f1xx.o
    0x08001d78   0x08001d78   0x0000000c   Code   RO         2780    i.TIM4_IRQHandler   stm32f1xx_it.o
    0x08001d84   0x08001d84   0x0000006c   Code   RO         1761    i.TIM_Base_SetConfig  stm32f1xx_hal_tim.o
    0x08001df0   0x08001df0   0x00000002   Code   RO         2781    i.UsageFault_Handler  stm32f1xx_it.o
    0x08001df2   0x08001df2   0x00000026   Code   RO         3464    i.__ARM_fpclassifyf  m_ws.l(fpclassifyf.o)
    0x08001e18   0x08001e18   0x00000020   Code   RO          907    i.__NVIC_SetPriority  stm32f1xx_hal_cortex.o
    0x08001e38   0x08001e38   0x00000006   Code   RO         3467    i.__mathlib_flt_infnan  m_ws.l(funder.o)
    0x08001e3e   0x08001e3e   0x00000008   Code   RO         3469    i.__mathlib_flt_invalid  m_ws.l(funder.o)
    0x08001e46   0x08001e46   0x0000000a   Code   RO         3472    i.__mathlib_flt_underflow  m_ws.l(funder.o)
    0x08001e50   0x08001e50   0x00000168   Code   RO         3480    i.__mathlib_rredf2  m_ws.l(rredf.o)
    0x08001fb8   0x08001fb8   0x0000000e   Code   RO         3515    i.__scatterload_copy  mc_w.l(handlers.o)
    0x08001fc6   0x08001fc6   0x00000002   Code   RO         3516    i.__scatterload_null  mc_w.l(handlers.o)
    0x08001fc8   0x08001fc8   0x0000000e   Code   RO         3517    i.__scatterload_zeroinit  mc_w.l(handlers.o)
    0x08001fd6   0x08001fd6   0x00000002   PAD
    0x08001fd8   0x08001fd8   0x0000000c   Code   RO         3499    i.__set_errno       mc_w.l(errno.o)
    0x08001fe4   0x08001fe4   0x00000094   Code   RO         3226    i.bms_get_voltage   bms.o
    0x08002078   0x08002078   0x00000024   Code   RO         3227    i.bms_init          bms.o
    0x0800209c   0x0800209c   0x0000001c   Code   RO         3273    i.clock_check_alarm  clock.o
    0x080020b8   0x080020b8   0x00000028   Code   RO         3274    i.clock_get_rtc     clock.o
    0x080020e0   0x080020e0   0x00000010   Code   RO         3275    i.clock_init        clock.o
    0x080020f0   0x080020f0   0x00000018   Code   RO         3276    i.clock_loop        clock.o
    0x08002108   0x08002108   0x00000028   Code   RO         3277    i.clock_sta_alarm_up  clock.o
    0x08002130   0x08002130   0x00000004   Code   RO         3278    i.clock_sta_alarm_up_init  clock.o
    0x08002134   0x08002134   0x000000fc   Code   RO         3279    i.clock_sta_alarmset  clock.o
    0x08002230   0x08002230   0x00000020   Code   RO         3280    i.clock_sta_alarmset_init  clock.o
    0x08002250   0x08002250   0x00000020   Code   RO         3281    i.clock_sta_info    clock.o
    0x08002270   0x08002270   0x00000004   Code   RO         3282    i.clock_sta_info_init  clock.o
    0x08002274   0x08002274   0x00000070   Code   RO         3283    i.clock_sta_menu    clock.o
    0x080022e4   0x080022e4   0x00000004   Code   RO         3284    i.clock_sta_menu_init  clock.o
    0x080022e8   0x080022e8   0x00000020   Code   RO         3285    i.clock_sta_pic     clock.o
    0x08002308   0x08002308   0x000000e0   Code   RO         3286    i.clock_sta_timeset  clock.o
    0x080023e8   0x080023e8   0x00000014   Code   RO         3287    i.clock_sta_timeset_init  clock.o
    0x080023fc   0x080023fc   0x0000017c   Code   RO         3416    i.cosf              m_ws.l(cosf.o)
    0x08002578   0x08002578   0x00000090   Code   RO         3067    i.display_mode_alarmset  display.o
    0x08002608   0x08002608   0x00000054   Code   RO         3068    i.display_mode_alarmset_init  display.o
    0x0800265c   0x0800265c   0x00000060   Code   RO         3069    i.display_mode_alarmup  display.o
    0x080026bc   0x080026bc   0x00000084   Code   RO         3070    i.display_mode_alarmup_init  display.o
    0x08002740   0x08002740   0x00000098   Code   RO         3071    i.display_mode_info  display.o
    0x080027d8   0x080027d8   0x00000080   Code   RO         3072    i.display_mode_info_init  display.o
    0x08002858   0x08002858   0x0000003c   Code   RO         3073    i.display_mode_menu  display.o
    0x08002894   0x08002894   0x000000cc   Code   RO         3074    i.display_mode_menu_init  display.o
    0x08002960   0x08002960   0x000000c0   Code   RO         3075    i.display_mode_pic  display.o
    0x08002a20   0x08002a20   0x00000074   Code   RO         3076    i.display_mode_timeset  display.o
    0x08002a94   0x08002a94   0x00000054   Code   RO         3077    i.display_mode_timeset_init  display.o
    0x08002ae8   0x08002ae8   0x00000068   Code   RO         3078    i.display_status_bar  display.o
    0x08002b50   0x08002b50   0x000000d4   Code   RO         3169    i.draw_circle       draw.o
    0x08002c24   0x08002c24   0x00000010   Code   RO         3170    i.draw_clear        draw.o
    0x08002c34   0x08002c34   0x000000cc   Code   RO         3079    i.draw_clock_line   display.o
    0x08002d00   0x08002d00   0x000000b4   Code   RO         3171    i.draw_line         draw.o
    0x08002db4   0x08002db4   0x0000000c   Code   RO         3172    i.draw_load         draw.o
    0x08002dc0   0x08002dc0   0x00000018   Code   RO         3173    i.draw_point        draw.o
    0x08002dd8   0x08002dd8   0x0000000a   Code   RO         3388    i.fsm_init          fsm.o
    0x08002de2   0x08002de2   0x00000018   Code   RO         3389    i.fsm_loop          fsm.o
    0x08002dfa   0x08002dfa   0x00000022   Code   RO         3390    i.fsm_switch        fsm.o
    0x08002e1c   0x08002e1c   0x00000054   Code   RO         2946    i.key_get_value     key.o
    0x08002e70   0x08002e70   0x00000034   Code   RO         2947    i.key_scan          key.o
    0x08002ea4   0x08002ea4   0x0000004c   Code   RO         2682    i.main              main.o
    0x08002ef0   0x08002ef0   0x00000026   Code   RO         2976    i.oled_clear        oled.o
    0x08002f16   0x08002f16   0x00000046   Code   RO         2979    i.oled_fill_pic     oled.o
    0x08002f5c   0x08002f5c   0x000000f4   Code   RO         2980    i.oled_init         oled.o
    0x08003050   0x08003050   0x0000004c   Code   RO         2981    i.oled_print        oled.o
    0x0800309c   0x0800309c   0x00000034   Code   RO         2982    i.oled_print_icon   oled.o
    0x080030d0   0x080030d0   0x0000006c   Code   RO         2983    i.oled_print_num    oled.o
    0x0800313c   0x0800313c   0x00000022   Code   RO         2984    i.oled_set_pos      oled.o
    0x0800315e   0x0800315e   0x00000002   PAD
    0x08003160   0x08003160   0x00000064   Code   RO         2985    i.oled_write_cmd    oled.o
    0x080031c4   0x080031c4   0x00000064   Code   RO         2986    i.oled_write_data   oled.o
    0x08003228   0x08003228   0x00000072   Code   RO         3439    i.roundf            m_ws.l(roundf.o)
    0x0800329a   0x0800329a   0x00000002   PAD
    0x0800329c   0x0800329c   0x00000188   Code   RO         3424    i.sinf              m_ws.l(sinf.o)
    0x08003424   0x08003424   0x0000002c   Code   RO         3432    i.sqrtf             m_ws.l(sqrtf.o)
    0x08003450   0x08003450   0x00000010   Data   RO         2641    .constdata          system_stm32f1xx.o
    0x08003460   0x08003460   0x00000008   Data   RO         2642    .constdata          system_stm32f1xx.o
    0x08003468   0x08003468   0x000002d6   Data   RO         2987    .constdata          oled.o
    0x0800373e   0x0800373e   0x00000002   PAD
    0x08003740   0x08003740   0x00000020   Data   RO         3481    .constdata          m_ws.l(rredf.o)
    0x08003760   0x08003760   0x00000020   Data   RO         3513    Region$$Table       anon$$obj.o


    Execution Region RW_IRAM1 (Exec base: 0x20000000, Load base: 0x08003780, Size: 0x00002520, Max: 0x00005000, ABSOLUTE)

    Exec Addr    Load Addr    Size         Type   Attr      Idx    E Section Name        Object

    0x20000000   0x08003780   0x0000000c   Data   RW          444    .data               stm32f1xx_hal.o
    0x2000000c   0x0800378c   0x00000004   Data   RW         2643    .data               system_stm32f1xx.o
    0x20000010   0x08003790   0x00000001   Data   RW         2948    .data               key.o
    0x20000011   0x08003791   0x00000007   Data   RW         2988    .data               oled.o
    0x20000018   0x08003798   0x00000008   Data   RW         3228    .data               bms.o
    0x20000020   0x080037a0   0x0000006c   Data   RW         3288    .data               clock.o
    0x2000008c   0x0800380c   0x00000004   Data   RW         3500    .data               mc_w.l(errno.o)
    0x20000090        -       0x00000044   Zero   RW         2683    .bss                main.o
    0x200000d4        -       0x00000048   Zero   RW         2910    .bss                stm32f1xx_hal_timebase_tim.o
    0x2000011c        -       0x00002000   Zero   RW         3175    .bss                draw.o
    0x2000211c   0x08003810   0x00000004   PAD
    0x20002120        -       0x00000400   Zero   RW            1    STACK               startup_stm32f103xb.o


==============================================================================

Image component sizes


      Code (inc. data)   RO Data    RW Data    ZI Data      Debug   Object Name

       184         40          0          8          0       1524   bms.o
       884         82          0        108          0       9543   clock.o
      1700        400          0          0          0       7687   display.o
       444         18          0          0       8192       3371   draw.o
        68          0          0          0          0       1823   fsm.o
       136         10          0          1          0       1139   key.o
       438         38          0          0         68       4057   main.o
       822         32        726          7          0       6514   oled.o
        36          8        236          0       1024        780   startup_stm32f103xb.o
       100         18          0         12          0       5082   stm32f1xx_hal.o
       944         42          0          0          0       5248   stm32f1xx_hal_adc.o
       158         14          0          0          0      28078   stm32f1xx_hal_cortex.o
       500         34          0          0          0       3423   stm32f1xx_hal_gpio.o
         0          0          0          0          0     439628   stm32f1xx_hal_gpio_ex.o
       220         32          0          0          0       2050   stm32f1xx_hal_msp.o
        12          4          0          0          0        491   stm32f1xx_hal_pwr.o
      1336        110          0          0          0       5653   stm32f1xx_hal_rcc.o
       436         46          0          0          0       2465   stm32f1xx_hal_rcc_ex.o
      1528         24          0          0          0      12971   stm32f1xx_hal_rtc.o
        66          0          0          0          0       2009   stm32f1xx_hal_rtc_ex.o
       654         26          0          0          0       6784   stm32f1xx_hal_tim.o
         4          0          0          0          0       1477   stm32f1xx_hal_tim_ex.o
       116         16          0          0         72       1351   stm32f1xx_hal_timebase_tim.o
        54         12          0          0          0       4521   stm32f1xx_it.o
         2          0         24          4          0       1047   system_stm32f1xx.o

    ----------------------------------------------------------------------
     10858       1006       1020        140       9360     558716   Object Totals
         0          0         32          0          0          0   (incl. Generated)
        16          0          2          0          4          0   (incl. Padding)

    ----------------------------------------------------------------------

      Code (inc. data)   RO Data    RW Data    ZI Data      Debug   Library Member Name

       380         52          0          0          0        124   cosf.o
        38          0          0          0          0         68   fpclassifyf.o
        24          0          0          0          0        204   funder.o
       114          0          0          0          0         80   roundf.o
       360         16         32          0          0         88   rredf.o
       392         54          0          0          0        124   sinf.o
        44          0          0          0          0         80   sqrtf.o
         0          0          0          0          0          0   entry.o
         0          0          0          0          0          0   entry10a.o
         0          0          0          0          0          0   entry11a.o
         8          4          0          0          0          0   entry2.o
         4          0          0          0          0          0   entry5.o
         0          0          0          0          0          0   entry7b.o
         0          0          0          0          0          0   entry8b.o
         8          4          0          0          0          0   entry9a.o
        12          6          0          4          0         68   errno.o
        30          0          0          0          0          0   handlers.o
        36          8          0          0          0         68   init.o
         0          0          0          0          0          0   iusefp.o
        36          0          0          0          0        108   memseta.o
       176          0          0          0          0        140   fadd.o
       124          0          0          0          0         88   fdiv.o
       110          0          0          0          0        168   fepilogue.o
        50          0          0          0          0         68   ffixi.o
        40          0          0          0          0         68   ffixui.o
        18          0          0          0          0         68   fflti.o
        10          0          0          0          0         68   ffltui.o
       100          0          0          0          0         76   fmul.o
        60          0          0          0          0         76   frnd.o
        24          0          0          0          0         68   fscalb.o
        94          0          0          0          0         96   fsqrt.o

    ----------------------------------------------------------------------
      2298        144         32          4          0       1996   Library Totals
         6          0          0          0          0          0   (incl. Padding)

    ----------------------------------------------------------------------

      Code (inc. data)   RO Data    RW Data    ZI Data      Debug   Library Name

      1352        122         32          0          0        768   m_ws.l
       134         22          0          4          0        244   mc_w.l
       806          0          0          0          0        984   mf_w.l

    ----------------------------------------------------------------------
      2298        144         32          4          0       1996   Library Totals

    ----------------------------------------------------------------------

==============================================================================


      Code (inc. data)   RO Data    RW Data    ZI Data      Debug   

     13156       1150       1052        144       9360     553376   Grand Totals
     13156       1150       1052        144       9360     553376   ELF Image Totals
     13156       1150       1052        144          0          0   ROM Totals

==============================================================================

    Total RO  Size (Code + RO Data)                14208 (  13.88kB)
    Total RW  Size (RW Data + ZI Data)              9504 (   9.28kB)
    Total ROM Size (Code + RO Data + RW Data)      14352 (  14.02kB)

==============================================================================

